Command line invocation:
    /Applications/_Development/Xcode.app/Contents/Developer/usr/bin/xcodebuild -scheme DoseTrack -destination "platform=iOS Simulator,id=A260D359-E23B-4152-8BFC-91CD9C6ACC1E" build

Resolve Package Graph
2025-11-03 08:06:32.623 xcodebuild[63728:3349294] [MT] IDERunDestination: Supported platforms for the buildables in the current scheme is empty.


Resolved source packages:
  DoseTrack: /Users/kevindialmb/Downloads/DoseTrack_v1.1.1c

--- xcodebuild: WARNING: Using the first of multiple matching destinations:
{ platform:iOS Simulator, arch:arm64, id:A260D359-E23B-4152-8BFC-91CD9C6ACC1E, OS:17.2, name:iPhone 15 }
{ platform:iOS Simulator, arch:x86_64, id:A260D359-E23B-4152-8BFC-91CD9C6ACC1E, OS:17.2, name:iPhone 15 }
ComputePackagePrebuildTargetDependencyGraph

Prepare packages

CreateBuildRequest

SendProjectDescription

CreateBuildOperation

ComputeTargetDependencyGraph
note: Building targets in dependency order
note: Target dependency graph (2 targets)
    Target 'DoseTrack' in project 'DoseTrack'
        ➜ Explicit dependency on target 'DoseTrack' in project 'DoseTrack'
    Target 'DoseTrack' in project 'DoseTrack' (no dependencies)

GatherProvisioningInputs

CreateBuildDescription

ClangStatCache /Applications/_Development/Xcode.app/Contents/Developer/Toolchains/XcodeDefault.xctoolchain/usr/bin/clang-stat-cache /Applications/_Development/Xcode.app/Contents/Developer/Platforms/iPhoneSimulator.platform/Developer/SDKs/iPhoneSimulator26.0.sdk /Users/kevindialmb/Library/Developer/Xcode/DerivedData/SDKStatCaches.noindex/iphonesimulator26.0-23A339-52bbade31dfd1f3e760fc2f57ab025c3.sdkstatcache
    cd /Users/kevindialmb/Downloads/DoseTrack_v1.1.1c/.swiftpm/xcode
    /Applications/_Development/Xcode.app/Contents/Developer/Toolchains/XcodeDefault.xctoolchain/usr/bin/clang-stat-cache /Applications/_Development/Xcode.app/Contents/Developer/Platforms/iPhoneSimulator.platform/Developer/SDKs/iPhoneSimulator26.0.sdk -o /Users/kevindialmb/Library/Developer/Xcode/DerivedData/SDKStatCaches.noindex/iphonesimulator26.0-23A339-52bbade31dfd1f3e760fc2f57ab025c3.sdkstatcache

SwiftDriver DoseTrack normal arm64 com.apple.xcode.tools.swift.compiler (in target 'DoseTrack' from project 'DoseTrack')
    cd /Users/kevindialmb/Downloads/DoseTrack_v1.1.1c/.swiftpm/xcode
    builtin-SwiftDriver -- /Applications/_Development/Xcode.app/Contents/Developer/Toolchains/XcodeDefault.xctoolchain/usr/bin/swiftc -module-name DoseTrack -Onone -enforce-exclusivity\=checked @/Users/kevindialmb/Library/Developer/Xcode/DerivedData/DoseTrack_v1.1-daapowanhyjajcckamlreoxtljbp/Build/Intermediates.noindex/DoseTrack.build/Debug-iphonesimulator/DoseTrack.build/Objects-normal/arm64/DoseTrack.SwiftFileList -DSWIFT_PACKAGE -DDEBUG -DSWIFT_MODULE_RESOURCE_BUNDLE_UNAVAILABLE -DXcode -plugin-path /Applications/_Development/Xcode.app/Contents/Developer/Toolchains/XcodeDefault.xctoolchain/usr/lib/swift/host/plugins/testing -enable-experimental-feature DebugDescriptionMacro -sdk /Applications/_Development/Xcode.app/Contents/Developer/Platforms/iPhoneSimulator.platform/Developer/SDKs/iPhoneSimulator26.0.sdk -target arm64-apple-ios17.0-simulator -g -module-cache-path /Users/kevindialmb/Library/Developer/Xcode/DerivedData/ModuleCache.noindex -Xfrontend -serialize-debugging-options -profile-coverage-mapping -profile-generate -enable-testing -index-store-path /Users/kevindialmb/Library/Developer/Xcode/DerivedData/DoseTrack_v1.1-daapowanhyjajcckamlreoxtljbp/Index.noindex/DataStore -Xcc -D_LIBCPP_HARDENING_MODE\=_LIBCPP_HARDENING_MODE_DEBUG -swift-version 5 -I /Users/kevindialmb/Library/Developer/Xcode/DerivedData/DoseTrack_v1.1-daapowanhyjajcckamlreoxtljbp/Build/Products/Debug-iphonesimulator -Isystem /Applications/_Development/Xcode.app/Contents/Developer/Platforms/iPhoneSimulator.platform/Developer/usr/lib -F /Users/kevindialmb/Library/Developer/Xcode/DerivedData/DoseTrack_v1.1-daapowanhyjajcckamlreoxtljbp/Build/Products/Debug-iphonesimulator -F /Applications/_Development/Xcode.app/Contents/Developer/Platforms/iPhoneSimulator.platform/Developer/Library/Frameworks -F /Applications/_Development/Xcode.app/Contents/Developer/Platforms/iPhoneSimulator.platform/Developer/SDKs/iPhoneSimulator26.0.sdk/Developer/Library/Frameworks -c -j10 -enable-batch-mode -incremental -Xcc -ivfsstatcache -Xcc /Users/kevindialmb/Library/Developer/Xcode/DerivedData/SDKStatCaches.noindex/iphonesimulator26.0-23A339-52bbade31dfd1f3e760fc2f57ab025c3.sdkstatcache -output-file-map /Users/kevindialmb/Library/Developer/Xcode/DerivedData/DoseTrack_v1.1-daapowanhyjajcckamlreoxtljbp/Build/Intermediates.noindex/DoseTrack.build/Debug-iphonesimulator/DoseTrack.build/Objects-normal/arm64/DoseTrack-OutputFileMap.json -use-frontend-parseable-output -save-temps -no-color-diagnostics -explicit-module-build -module-cache-path /Users/kevindialmb/Library/Developer/Xcode/DerivedData/DoseTrack_v1.1-daapowanhyjajcckamlreoxtljbp/Build/Intermediates.noindex/SwiftExplicitPrecompiledModules -clang-scanner-module-cache-path /Users/kevindialmb/Library/Developer/Xcode/DerivedData/ModuleCache.noindex -sdk-module-cache-path /Users/kevindialmb/Library/Developer/Xcode/DerivedData/ModuleCache.noindex -serialize-diagnostics -emit-dependencies -emit-module -emit-module-path /Users/kevindialmb/Library/Developer/Xcode/DerivedData/DoseTrack_v1.1-daapowanhyjajcckamlreoxtljbp/Build/Intermediates.noindex/DoseTrack.build/Debug-iphonesimulator/DoseTrack.build/Objects-normal/arm64/DoseTrack.swiftmodule -validate-clang-modules-once -clang-build-session-file /Users/kevindialmb/Library/Developer/Xcode/DerivedData/ModuleCache.noindex/Session.modulevalidation -package-name dosetrack_v1_1_1c -Xcc -I/Users/kevindialmb/Library/Developer/Xcode/DerivedData/DoseTrack_v1.1-daapowanhyjajcckamlreoxtljbp/Build/Intermediates.noindex/DoseTrack.build/Debug-iphonesimulator/DoseTrack.build/swift-overrides.hmap -emit-const-values -Xfrontend -const-gather-protocols-file -Xfrontend /Users/kevindialmb/Library/Developer/Xcode/DerivedData/DoseTrack_v1.1-daapowanhyjajcckamlreoxtljbp/Build/Intermediates.noindex/DoseTrack.build/Debug-iphonesimulator/DoseTrack.build/Objects-normal/arm64/DoseTrack_const_extract_protocols.json -Xcc -I/Users/kevindialmb/Library/Developer/Xcode/DerivedData/DoseTrack_v1.1-daapowanhyjajcckamlreoxtljbp/Build/Products/Debug-iphonesimulator/include -Xcc -I/Users/kevindialmb/Library/Developer/Xcode/DerivedData/DoseTrack_v1.1-daapowanhyjajcckamlreoxtljbp/Build/Intermediates.noindex/DoseTrack.build/Debug-iphonesimulator/DoseTrack.build/DerivedSources-normal/arm64 -Xcc -I/Users/kevindialmb/Library/Developer/Xcode/DerivedData/DoseTrack_v1.1-daapowanhyjajcckamlreoxtljbp/Build/Intermediates.noindex/DoseTrack.build/Debug-iphonesimulator/DoseTrack.build/DerivedSources/arm64 -Xcc -I/Users/kevindialmb/Library/Developer/Xcode/DerivedData/DoseTrack_v1.1-daapowanhyjajcckamlreoxtljbp/Build/Intermediates.noindex/DoseTrack.build/Debug-iphonesimulator/DoseTrack.build/DerivedSources -Xcc -DSWIFT_PACKAGE -Xcc -DDEBUG\=1 -emit-objc-header -emit-objc-header-path /Users/kevindialmb/Library/Developer/Xcode/DerivedData/DoseTrack_v1.1-daapowanhyjajcckamlreoxtljbp/Build/Intermediates.noindex/DoseTrack.build/Debug-iphonesimulator/DoseTrack.build/Objects-normal/arm64/DoseTrack-Swift.h -working-directory /Users/kevindialmb/Downloads/DoseTrack_v1.1.1c/.swiftpm/xcode -experimental-emit-module-separately -disable-cmo

SwiftCompile normal arm64 Compiling\ LateDoseSheetView.swift,\ ResetNightSheet.swift /Users/kevindialmb/Downloads/DoseTrack_v1.1.1c/ios/LateDoseSheetView.swift /Users/kevindialmb/Downloads/DoseTrack_v1.1.1c/ios/ResetNightSheet.swift (in target 'DoseTrack' from project 'DoseTrack')

SwiftCompile normal arm64 /Users/kevindialmb/Downloads/DoseTrack_v1.1.1c/ios/LateDoseSheetView.swift (in target 'DoseTrack' from project 'DoseTrack')
    cd /Users/kevindialmb/Downloads/DoseTrack_v1.1.1c/.swiftpm/xcode
    

SwiftCompile normal arm64 /Users/kevindialmb/Downloads/DoseTrack_v1.1.1c/ios/ResetNightSheet.swift (in target 'DoseTrack' from project 'DoseTrack')
    cd /Users/kevindialmb/Downloads/DoseTrack_v1.1.1c/.swiftpm/xcode
    

SwiftCompile normal arm64 Compiling\ CountdownRingView.swift,\ DoseLogController.swift /Users/kevindialmb/Downloads/DoseTrack_v1.1.1c/ios/CountdownRingView.swift /Users/kevindialmb/Downloads/DoseTrack_v1.1.1c/ios/DoseLogController.swift (in target 'DoseTrack' from project 'DoseTrack')
SwiftCompile normal arm64 /Users/kevindialmb/Downloads/DoseTrack_v1.1.1c/ios/CountdownRingView.swift (in target 'DoseTrack' from project 'DoseTrack')
    cd /Users/kevindialmb/Downloads/DoseTrack_v1.1.1c/.swiftpm/xcode
    

SwiftCompile normal arm64 /Users/kevindialmb/Downloads/DoseTrack_v1.1.1c/ios/DoseLogController.swift (in target 'DoseTrack' from project 'DoseTrack')
    cd /Users/kevindialmb/Downloads/DoseTrack_v1.1.1c/.swiftpm/xcode
    
/Users/kevindialmb/Downloads/DoseTrack_v1.1.1c/ios/DoseLogController.swift:45:13: warning: variable 'log' was never mutated; consider changing to 'let' constant
        var log = fetchOrCreateCurrentNight()
        ~~~ ^
        let
/Users/kevindialmb/Downloads/DoseTrack_v1.1.1c/ios/DoseLogController.swift:52:13: warning: variable 'log' was never mutated; consider changing to 'let' constant
        var log = fetchOrCreateCurrentNight()
        ~~~ ^
        let
/Users/kevindialmb/Downloads/DoseTrack_v1.1.1c/ios/DoseLogController.swift:59:13: warning: variable 'log' was never mutated; consider changing to 'let' constant
        var log = fetchOrCreateCurrentNight()
        ~~~ ^
        let
/Users/kevindialmb/Downloads/DoseTrack_v1.1.1c/ios/DoseLogController.swift:161:17: warning: variable 'log' was never mutated; consider changing to 'let' constant
            var log = fetchOrCreateCurrentNight()
            ~~~ ^
            let
/Users/kevindialmb/Downloads/DoseTrack_v1.1.1c/ios/DoseLogController.swift:183:17: warning: variable 'log' was never mutated; consider changing to 'let' constant
            var log = fetchOrCreateCurrentNight()
            ~~~ ^
            let
/Users/kevindialmb/Downloads/DoseTrack_v1.1.1c/ios/DoseLogController.swift:222:17: warning: variable 'log' was never mutated; consider changing to 'let' constant
            var log = fetchOrCreateCurrentNight()
            ~~~ ^
            let
/Users/kevindialmb/Downloads/DoseTrack_v1.1.1c/ios/DoseLogController.swift:260:17: warning: variable 'log' was never mutated; consider changing to 'let' constant
            var log = fetchOrCreateCurrentNight()
            ~~~ ^
            let
/Users/kevindialmb/Downloads/DoseTrack_v1.1.1c/ios/DoseLogController.swift:277:17: warning: variable 'log' was never mutated; consider changing to 'let' constant
            var log = fetchOrCreateCurrentNight()
            ~~~ ^
            let
/Users/kevindialmb/Downloads/DoseTrack_v1.1.1c/ios/DoseLogController.swift:295:17: warning: variable 'log' was never mutated; consider changing to 'let' constant
            var log = fetchOrCreateCurrentNight()
            ~~~ ^
            let
/Users/kevindialmb/Downloads/DoseTrack_v1.1.1c/ios/DoseLogController.swift:330:17: warning: variable 'log' was never mutated; consider changing to 'let' constant
            var log = fetchOrCreateCurrentNight()
            ~~~ ^
            let

SwiftCompile normal arm64 Compiling\ SettingsViewEnhanced.swift,\ TodayLogView.swift /Users/kevindialmb/Downloads/DoseTrack_v1.1.1c/ios/SettingsViewEnhanced.swift /Users/kevindialmb/Downloads/DoseTrack_v1.1.1c/ios/TodayLogView.swift (in target 'DoseTrack' from project 'DoseTrack')
SwiftCompile normal arm64 /Users/kevindialmb/Downloads/DoseTrack_v1.1.1c/ios/SettingsViewEnhanced.swift (in target 'DoseTrack' from project 'DoseTrack')
    cd /Users/kevindialmb/Downloads/DoseTrack_v1.1.1c/.swiftpm/xcode
    

SwiftCompile normal arm64 /Users/kevindialmb/Downloads/DoseTrack_v1.1.1c/ios/TodayLogView.swift (in target 'DoseTrack' from project 'DoseTrack')
    cd /Users/kevindialmb/Downloads/DoseTrack_v1.1.1c/.swiftpm/xcode
    

SwiftCompile normal arm64 Compiling\ TodayViewModel.swift /Users/kevindialmb/Downloads/DoseTrack_v1.1.1c/ios/TodayViewModel.swift (in target 'DoseTrack' from project 'DoseTrack')

SwiftCompile normal arm64 /Users/kevindialmb/Downloads/DoseTrack_v1.1.1c/ios/TodayViewModel.swift (in target 'DoseTrack' from project 'DoseTrack')
    cd /Users/kevindialmb/Downloads/DoseTrack_v1.1.1c/.swiftpm/xcode
    

SwiftCompile normal arm64 Compiling\ TodayViewModel+WakeEvents.swift /Users/kevindialmb/Downloads/DoseTrack_v1.1.1c/ios/TodayViewModel+WakeEvents.swift (in target 'DoseTrack' from project 'DoseTrack')

SwiftCompile normal arm64 /Users/kevindialmb/Downloads/DoseTrack_v1.1.1c/ios/TodayViewModel+WakeEvents.swift (in target 'DoseTrack' from project 'DoseTrack')
    cd /Users/kevindialmb/Downloads/DoseTrack_v1.1.1c/.swiftpm/xcode
    
/Users/kevindialmb/Downloads/DoseTrack_v1.1.1c/ios/TodayViewModel+WakeEvents.swift:27:19: warning: value 'nightKey' was defined but never used; consider replacing with boolean test
        guard let nightKey = nightKey else {
              ~~~~^~~~~~~~~~~
                                      != nil
/Users/kevindialmb/Downloads/DoseTrack_v1.1.1c/ios/TodayViewModel+WakeEvents.swift:140:13: warning: immutable value 'eventType' was never used; consider replacing with '_' or removing it
        let eventType: String = isFinal ? "final_wake" : "alarm_wake"
            ^~~~~~~~~
            _
/Users/kevindialmb/Downloads/DoseTrack_v1.1.1c/ios/TodayViewModel+WakeEvents.swift:152:13: warning: initialization of immutable value 'event' was never used; consider replacing with assignment to '_' or removing it
        let event = LoggedEvent(
        ~~~~^~~~~
        _

SwiftCompile normal arm64 Compiling\ TodayLogView_CardStack.swift /Users/kevindialmb/Downloads/DoseTrack_v1.1.1c/ios/TodayLogView_CardStack.swift (in target 'DoseTrack' from project 'DoseTrack')
SwiftCompile normal arm64 /Users/kevindialmb/Downloads/DoseTrack_v1.1.1c/ios/TodayLogView_CardStack.swift (in target 'DoseTrack' from project 'DoseTrack')
    cd /Users/kevindialmb/Downloads/DoseTrack_v1.1.1c/.swiftpm/xcode
    

SwiftCompile normal arm64 Compiling\ TodayViewModel+Dose2Override.swift /Users/kevindialmb/Downloads/DoseTrack_v1.1.1c/ios/TodayViewModel+Dose2Override.swift (in target 'DoseTrack' from project 'DoseTrack')

SwiftCompile normal arm64 /Users/kevindialmb/Downloads/DoseTrack_v1.1.1c/ios/TodayViewModel+Dose2Override.swift (in target 'DoseTrack' from project 'DoseTrack')
    cd /Users/kevindialmb/Downloads/DoseTrack_v1.1.1c/.swiftpm/xcode
    

SwiftEmitModule normal arm64 Emitting\ module\ for\ DoseTrack (in target 'DoseTrack' from project 'DoseTrack')

EmitSwiftModule normal arm64 (in target 'DoseTrack' from project 'DoseTrack')
    cd /Users/kevindialmb/Downloads/DoseTrack_v1.1.1c/.swiftpm/xcode
    

SwiftCompile normal arm64 Compiling\ WakeSheetView.swift /Users/kevindialmb/Downloads/DoseTrack_v1.1.1c/ios/WakeSheetView.swift (in target 'DoseTrack' from project 'DoseTrack')

SwiftCompile normal arm64 /Users/kevindialmb/Downloads/DoseTrack_v1.1.1c/ios/WakeSheetView.swift (in target 'DoseTrack' from project 'DoseTrack')
    cd /Users/kevindialmb/Downloads/DoseTrack_v1.1.1c/.swiftpm/xcode
    

SwiftCompile normal arm64 Compiling\ EarlyDoseSheet.swift,\ EarlyDoseSheetView.swift /Users/kevindialmb/Downloads/DoseTrack_v1.1.1c/ios/EarlyDoseSheet.swift /Users/kevindialmb/Downloads/DoseTrack_v1.1.1c/ios/EarlyDoseSheetView.swift (in target 'DoseTrack' from project 'DoseTrack')

SwiftCompile normal arm64 /Users/kevindialmb/Downloads/DoseTrack_v1.1.1c/ios/EarlyDoseSheet.swift (in target 'DoseTrack' from project 'DoseTrack')
    cd /Users/kevindialmb/Downloads/DoseTrack_v1.1.1c/.swiftpm/xcode
    

SwiftCompile normal arm64 /Users/kevindialmb/Downloads/DoseTrack_v1.1.1c/ios/EarlyDoseSheetView.swift (in target 'DoseTrack' from project 'DoseTrack')
    cd /Users/kevindialmb/Downloads/DoseTrack_v1.1.1c/.swiftpm/xcode
    

SwiftCompile normal arm64 Compiling\ TodayLogView_Checklist.swift /Users/kevindialmb/Downloads/DoseTrack_v1.1.1c/ios/TodayLogView_Checklist.swift (in target 'DoseTrack' from project 'DoseTrack')
Failed frontend command:
/Applications/_Development/Xcode.app/Contents/Developer/Toolchains/XcodeDefault.xctoolchain/usr/bin/swift-frontend -frontend -c /Users/kevindialmb/Downloads/DoseTrack_v1.1.1c/ios/AlarmOrchestrator.swift /Users/kevindialmb/Downloads/DoseTrack_v1.1.1c/ios/AppGroupStore.swift /Users/kevindialmb/Downloads/DoseTrack_v1.1.1c/ios/AppIntents+DoseLog.swift /Users/kevindialmb/Downloads/DoseTrack_v1.1.1c/ios/AppPreferences.swift /Users/kevindialmb/Downloads/DoseTrack_v1.1.1c/ios/AppPreferencesEnhanced+LateDose.swift /Users/kevindialmb/Downloads/DoseTrack_v1.1.1c/ios/AppPreferencesEnhanced.swift /Users/kevindialmb/Downloads/DoseTrack_v1.1.1c/ios/CSVExporter.swift /Users/kevindialmb/Downloads/DoseTrack_v1.1.1c/ios/Config.swift /Users/kevindialmb/Downloads/DoseTrack_v1.1.1c/ios/CountdownRingView.swift /Users/kevindialmb/Downloads/DoseTrack_v1.1.1c/ios/Date+UTC.swift /Users/kevindialmb/Downloads/DoseTrack_v1.1.1c/ios/DoseLogController.swift /Users/kevindialmb/Downloads/DoseTrack_v1.1.1c/ios/DoseTrackApp.swift /Users/kevindialmb/Downloads/DoseTrack_v1.1.1c/ios/EarlyDoseSheet.swift /Users/kevindialmb/Downloads/DoseTrack_v1.1.1c/ios/EarlyDoseSheetView.swift /Users/kevindialmb/Downloads/DoseTrack_v1.1.1c/ios/EventStripView.swift /Users/kevindialmb/Downloads/DoseTrack_v1.1.1c/ios/HealthKitManager.swift /Users/kevindialmb/Downloads/DoseTrack_v1.1.1c/ios/LateDoseSheetView.swift /Users/kevindialmb/Downloads/DoseTrack_v1.1.1c/ios/Models.swift /Users/kevindialmb/Downloads/DoseTrack_v1.1.1c/ios/NightAlarmPlan.swift /Users/kevindialmb/Downloads/DoseTrack_v1.1.1c/ios/NightPlanRecommender.swift /Users/kevindialmb/Downloads/DoseTrack_v1.1.1c/ios/ResetNightSheet.swift /Users/kevindialmb/Downloads/DoseTrack_v1.1.1c/ios/Rounding+Display.swift /Users/kevindialmb/Downloads/DoseTrack_v1.1.1c/ios/SafetyBanner.swift /Users/kevindialmb/Downloads/DoseTrack_v1.1.1c/ios/SafetyBannerView.swift /Users/kevindialmb/Downloads/DoseTrack_v1.1.1c/ios/SettingsViewEnhanced.swift /Users/kevindialmb/Downloads/DoseTrack_v1.1.1c/ios/TodayLogView.swift /Users/kevindialmb/Downloads/DoseTrack_v1.1.1c/ios/TodayLogView_CardStack.swift -primary-file /Users/kevindialmb/Downloads/DoseTrack_v1.1.1c/ios/TodayLogView_Checklist.swift /Users/kevindialmb/Downloads/DoseTrack_v1.1.1c/ios/TodayViewModel+Dose2Override.swift /Users/kevindialmb/Downloads/DoseTrack_v1.1.1c/ios/TodayViewModel+LateDose.swift /Users/kevindialmb/Downloads/DoseTrack_v1.1.1c/ios/TodayViewModel+WakeEvents.swift /Users/kevindialmb/Downloads/DoseTrack_v1.1.1c/ios/TodayViewModel.swift /Users/kevindialmb/Downloads/DoseTrack_v1.1.1c/ios/WakeReason.swift /Users/kevindialmb/Downloads/DoseTrack_v1.1.1c/ios/WakeSheetView.swift /Users/kevindialmb/Downloads/DoseTrack_v1.1.1c/ios/WindowState.swift -emit-dependencies-path /Users/kevindialmb/Library/Developer/Xcode/DerivedData/DoseTrack_v1.1-daapowanhyjajcckamlreoxtljbp/Build/Intermediates.noindex/DoseTrack.build/Debug-iphonesimulator/DoseTrack.build/Objects-normal/arm64/TodayLogView_Checklist.d -emit-const-values-path /Users/kevindialmb/Library/Developer/Xcode/DerivedData/DoseTrack_v1.1-daapowanhyjajcckamlreoxtljbp/Build/Intermediates.noindex/DoseTrack.build/Debug-iphonesimulator/DoseTrack.build/Objects-normal/arm64/TodayLogView_Checklist.swiftconstvalues -emit-reference-dependencies-path /Users/kevindialmb/Library/Developer/Xcode/DerivedData/DoseTrack_v1.1-daapowanhyjajcckamlreoxtljbp/Build/Intermediates.noindex/DoseTrack.build/Debug-iphonesimulator/DoseTrack.build/Objects-normal/arm64/TodayLogView_Checklist.swiftdeps -serialize-diagnostics-path /Users/kevindialmb/Library/Developer/Xcode/DerivedData/DoseTrack_v1.1-daapowanhyjajcckamlreoxtljbp/Build/Intermediates.noindex/DoseTrack.build/Debug-iphonesimulator/DoseTrack.build/Objects-normal/arm64/TodayLogView_Checklist.dia -target arm64-apple-ios17.0-simulator -disable-cross-import-overlay-search -swift-module-cross-import AppIntents /Applications/_Development/Xcode.app/Contents/Developer/Platforms/iPhoneSimulator.platform/Developer/SDKs/iPhoneSimulator.sdk/System/Library/Frameworks/AppIntents.framework/Modules/AppIntents.swiftcrossimport/SwiftUI.swiftoverlay -swift-module-cross-import AppIntents /Applications/_Development/Xcode.app/Contents/Developer/Platforms/iPhoneSimulator.platform/Developer/SDKs/iPhoneSimulator.sdk/System/Library/Frameworks/AppIntents.framework/Modules/AppIntents.swiftcrossimport/UIKit.swiftoverlay -swift-module-cross-import AppIntents /Applications/_Development/Xcode.app/Contents/Developer/Platforms/iPhoneSimulator.platform/Developer/SDKs/iPhoneSimulator26.0.sdk/System/Library/Frameworks/AppIntents.framework/Modules/AppIntents.swiftcrossimport/SwiftUI.swiftoverlay -swift-module-cross-import AppIntents /Applications/_Development/Xcode.app/Contents/Developer/Platforms/iPhoneSimulator.platform/Developer/SDKs/iPhoneSimulator26.0.sdk/System/Library/Frameworks/AppIntents.framework/Modules/AppIntents.swiftcrossimport/UIKit.swiftoverlay -swift-module-cross-import RelevanceKit /Applications/_Development/Xcode.app/Contents/Developer/Platforms/iPhoneSimulator.platform/Developer/SDKs/iPhoneSimulator.sdk/System/Library/Frameworks/RelevanceKit.framework/Modules/RelevanceKit.swiftcrossimport/MapKit.swiftoverlay -swift-module-cross-import RelevanceKit /Applications/_Development/Xcode.app/Contents/Developer/Platforms/iPhoneSimulator.platform/Developer/SDKs/iPhoneSimulator26.0.sdk/System/Library/Frameworks/RelevanceKit.framework/Modules/RelevanceKit.swiftcrossimport/MapKit.swiftoverlay -swift-module-cross-import SwiftData /Applications/_Development/Xcode.app/Contents/Developer/Platforms/iPhoneSimulator.platform/Developer/SDKs/iPhoneSimulator26.0.sdk/System/Library/Frameworks/SwiftData.framework/Modules/SwiftData.swiftcrossimport/CoreData.swiftoverlay -swift-module-cross-import SwiftData /Applications/_Development/Xcode.app/Contents/Developer/Platforms/iPhoneSimulator.platform/Developer/SDKs/iPhoneSimulator26.0.sdk/System/Library/Frameworks/SwiftData.framework/Modules/SwiftData.swiftcrossimport/SwiftUI.swiftoverlay -load-resolved-plugin /Applications/_Development/Xcode.app/Contents/Developer/Platforms/iPhoneOS.platform/Developer/usr/lib/swift/host/plugins/libAppIntentsMacros.dylib\#/Applications/_Development/Xcode.app/Contents/Developer/Platforms/iPhoneOS.platform/Developer/usr/bin/swift-plugin-server\#AppIntentsMacros -load-resolved-plugin /Applications/_Development/Xcode.app/Contents/Developer/Platforms/iPhoneOS.platform/Developer/usr/lib/swift/host/plugins/libFoundationMacros.dylib\#/Applications/_Development/Xcode.app/Contents/Developer/Platforms/iPhoneOS.platform/Developer/usr/bin/swift-plugin-server\#FoundationMacros -load-resolved-plugin /Applications/_Development/Xcode.app/Contents/Developer/Platforms/iPhoneOS.platform/Developer/usr/lib/swift/host/plugins/libObservationMacros.dylib\#/Applications/_Development/Xcode.app/Contents/Developer/Platforms/iPhoneOS.platform/Developer/usr/bin/swift-plugin-server\#ObservationMacros -load-resolved-plugin /Applications/_Development/Xcode.app/Contents/Developer/Platforms/iPhoneOS.platform/Developer/usr/lib/swift/host/plugins/libPreviewsMacros.dylib\#/Applications/_Development/Xcode.app/Contents/Developer/Platforms/iPhoneOS.platform/Developer/usr/bin/swift-plugin-server\#PreviewsMacros -load-resolved-plugin /Applications/_Development/Xcode.app/Contents/Developer/Platforms/iPhoneOS.platform/Developer/usr/lib/swift/host/plugins/libSwiftDataMacros.dylib\#/Applications/_Development/Xcode.app/Contents/Developer/Platforms/iPhoneOS.platform/Developer/usr/bin/swift-plugin-server\#SwiftDataMacros -load-resolved-plugin /Applications/_Development/Xcode.app/Contents/Developer/Platforms/iPhoneOS.platform/Developer/usr/lib/swift/host/plugins/libSwiftMacros.dylib\#/Applications/_Development/Xcode.app/Contents/Developer/Platforms/iPhoneOS.platform/Developer/usr/bin/swift-plugin-server\#SwiftMacros -load-resolved-plugin /Applications/_Development/Xcode.app/Contents/Developer/Platforms/iPhoneOS.platform/Developer/usr/lib/swift/host/plugins/libSwiftUIMacros.dylib\#/Applications/_Development/Xcode.app/Contents/Developer/Platforms/iPhoneOS.platform/Developer/usr/bin/swift-plugin-server\#SwiftUIMacros -disable-implicit-swift-modules -Xcc -fno-implicit-modules -Xcc -fno-implicit-module-maps -explicit-swift-module-map-file /Users/kevindialmb/Library/Developer/Xcode/DerivedData/DoseTrack_v1.1-daapowanhyjajcckamlreoxtljbp/Build/Intermediates.noindex/DoseTrack.build/Debug-iphonesimulator/DoseTrack.build/Objects-normal/arm64/DoseTrack-dependencies-1.json -Xllvm -aarch64-use-tbi -enable-objc-interop -sdk /Applications/_Development/Xcode.app/Contents/Developer/Platforms/iPhoneSimulator.platform/Developer/SDKs/iPhoneSimulator26.0.sdk -I /Users/kevindialmb/Library/Developer/Xcode/DerivedData/DoseTrack_v1.1-daapowanhyjajcckamlreoxtljbp/Build/Products/Debug-iphonesimulator -Isystem /Applications/_Development/Xcode.app/Contents/Developer/Platforms/iPhoneSimulator.platform/Developer/usr/lib -F /Users/kevindialmb/Library/Developer/Xcode/DerivedData/DoseTrack_v1.1-daapowanhyjajcckamlreoxtljbp/Build/Products/Debug-iphonesimulator -F /Applications/_Development/Xcode.app/Contents/Developer/Platforms/iPhoneSimulator.platform/Developer/Library/Frameworks -F /Applications/_Development/Xcode.app/Contents/Developer/Platforms/iPhoneSimulator.platform/Developer/SDKs/iPhoneSimulator26.0.sdk/Developer/Library/Frameworks -no-color-diagnostics -Xcc -fno-color-diagnostics -enable-testing -g -debug-info-format\=dwarf -dwarf-version\=4 -module-cache-path /Users/kevindialmb/Library/Developer/Xcode/DerivedData/DoseTrack_v1.1-daapowanhyjajcckamlreoxtljbp/Build/Intermediates.noindex/SwiftExplicitPrecompiledModules -profile-generate -profile-coverage-mapping -swift-version 5 -enforce-exclusivity\=checked -Onone -D SWIFT_PACKAGE -D DEBUG -D SWIFT_MODULE_RESOURCE_BUNDLE_UNAVAILABLE -D Xcode -serialize-debugging-options -const-gather-protocols-file /Users/kevindialmb/Library/Developer/Xcode/DerivedData/DoseTrack_v1.1-daapowanhyjajcckamlreoxtljbp/Build/Intermediates.noindex/DoseTrack.build/Debug-iphonesimulator/DoseTrack.build/Objects-normal/arm64/DoseTrack_const_extract_protocols.json -enable-experimental-feature DebugDescriptionMacro -empty-abi-descriptor -validate-clang-modules-once -clang-build-session-file /Users/kevindialmb/Library/Developer/Xcode/DerivedData/ModuleCache.noindex/Session.modulevalidation -Xcc -working-directory -Xcc /Users/kevindialmb/Downloads/DoseTrack_v1.1.1c/.swiftpm/xcode -enable-anonymous-context-mangled-names -file-compilation-dir /Users/kevindialmb/Downloads/DoseTrack_v1.1.1c/.swiftpm/xcode -Xcc -D_LIBCPP_HARDENING_MODE\=_LIBCPP_HARDENING_MODE_DEBUG -Xcc -ivfsstatcache -Xcc /Users/kevindialmb/Library/Developer/Xcode/DerivedData/SDKStatCaches.noindex/iphonesimulator26.0-23A339-52bbade31dfd1f3e760fc2f57ab025c3.sdkstatcache -Xcc -I/Users/kevindialmb/Library/Developer/Xcode/DerivedData/DoseTrack_v1.1-daapowanhyjajcckamlreoxtljbp/Build/Intermediates.noindex/DoseTrack.build/Debug-iphonesimulator/DoseTrack.build/swift-overrides.hmap -Xcc -I/Users/kevindialmb/Library/Developer/Xcode/DerivedData/DoseTrack_v1.1-daapowanhyjajcckamlreoxtljbp/Build/Products/Debug-iphonesimulator/include -Xcc -I/Users/kevindialmb/Library/Developer/Xcode/DerivedData/DoseTrack_v1.1-daapowanhyjajcckamlreoxtljbp/Build/Intermediates.noindex/DoseTrack.build/Debug-iphonesimulator/DoseTrack.build/DerivedSources-normal/arm64 -Xcc -I/Users/kevindialmb/Library/Developer/Xcode/DerivedData/DoseTrack_v1.1-daapowanhyjajcckamlreoxtljbp/Build/Intermediates.noindex/DoseTrack.build/Debug-iphonesimulator/DoseTrack.build/DerivedSources/arm64 -Xcc -I/Users/kevindialmb/Library/Developer/Xcode/DerivedData/DoseTrack_v1.1-daapowanhyjajcckamlreoxtljbp/Build/Intermediates.noindex/DoseTrack.build/Debug-iphonesimulator/DoseTrack.build/DerivedSources -Xcc -DSWIFT_PACKAGE -Xcc -DDEBUG\=1 -no-auto-bridging-header-chaining -module-name DoseTrack -package-name dosetrack_v1_1_1c -frontend-parseable-output -disable-clang-spi -target-sdk-version 26.0 -target-sdk-name iphonesimulator26.0 -clang-target arm64-apple-ios26.0-simulator -in-process-plugin-server-path /Applications/_Development/Xcode.app/Contents/Developer/Toolchains/XcodeDefault.xctoolchain/usr/lib/swift/host/libSwiftInProcPluginServer.dylib -o /Users/kevindialmb/Library/Developer/Xcode/DerivedData/DoseTrack_v1.1-daapowanhyjajcckamlreoxtljbp/Build/Intermediates.noindex/DoseTrack.build/Debug-iphonesimulator/DoseTrack.build/Objects-normal/arm64/TodayLogView_Checklist.o -index-unit-output-path /DoseTrack.build/Debug-iphonesimulator/DoseTrack.build/Objects-normal/arm64/TodayLogView_Checklist.o -index-store-path /Users/kevindialmb/Library/Developer/Xcode/DerivedData/DoseTrack_v1.1-daapowanhyjajcckamlreoxtljbp/Index.noindex/DataStore -index-system-modules

SwiftCompile normal arm64 /Users/kevindialmb/Downloads/DoseTrack_v1.1.1c/ios/TodayLogView_Checklist.swift (in target 'DoseTrack' from project 'DoseTrack')
    cd /Users/kevindialmb/Downloads/DoseTrack_v1.1.1c/.swiftpm/xcode
    
/Users/kevindialmb/Downloads/DoseTrack_v1.1.1c/ios/TodayLogView_Checklist.swift:60:40: error: type 'EarlyReason' has no member 'feltSleepy'
                    reason: .constant(.feltSleepy),
                                      ~^~~~~~~~~~
/Users/kevindialmb/Downloads/DoseTrack_v1.1.1c/ios/TodayLogView_Checklist.swift:63:66: error: value of type 'AppPreferencesEnhanced' has no member 'earlyRequireReason'
                    requireReason: AppPreferencesEnhanced.shared.earlyRequireReason,
                                   ~~~~~~~~~~~~~~~~~~~~~~~~~~~~~ ^~~~~~~~~~~~~~~~~~
/Users/kevindialmb/Downloads/DoseTrack_v1.1.1c/ios/TodayLogView_Checklist.swift:104:41: error: value of type 'TodayViewModel' has no dynamic member 'planWithinBounds' using key path from root type 'TodayViewModel'
                        systemImage: vm.planWithinBounds ? "checkmark.seal.fill" : "exclamationmark.triangle.fill",
                                     ~~ ^~~~~~~~~~~~~~~~
/Users/kevindialmb/Downloads/DoseTrack_v1.1.1c/ios/TodayLogView_Checklist.swift:104:38: error: referencing subscript 'subscript(dynamicMember:)' requires wrapper 'ObservedObject<TodayViewModel>.Wrapper'
                        systemImage: vm.planWithinBounds ? "checkmark.seal.fill" : "exclamationmark.triangle.fill",
                                     ^
                                     $
/Users/kevindialmb/Downloads/DoseTrack_v1.1.1c/ios/TodayLogView_Checklist.swift:104:41: error: cannot convert value of type 'Binding<Subject>' to expected condition type 'Bool'
                        systemImage: vm.planWithinBounds ? "checkmark.seal.fill" : "exclamationmark.triangle.fill",
                                     ~~~^~~~~~~~~~~~~~~~
/Users/kevindialmb/Downloads/DoseTrack_v1.1.1c/ios/TodayLogView_Checklist.swift:105:35: error: value of type 'TodayViewModel' has no dynamic member 'planWithinBounds' using key path from root type 'TodayViewModel'
                        color: vm.planWithinBounds ? .green : .red
                               ~~ ^~~~~~~~~~~~~~~~
/Users/kevindialmb/Downloads/DoseTrack_v1.1.1c/ios/TodayLogView_Checklist.swift:105:32: error: referencing subscript 'subscript(dynamicMember:)' requires wrapper 'ObservedObject<TodayViewModel>.Wrapper'
                        color: vm.planWithinBounds ? .green : .red
                               ^
                               $
/Users/kevindialmb/Downloads/DoseTrack_v1.1.1c/ios/TodayLogView_Checklist.swift:105:35: error: cannot convert value of type 'Binding<Subject>' to expected condition type 'Bool'
                        color: vm.planWithinBounds ? .green : .red
                               ~~~^~~~~~~~~~~~~~~~
/Users/kevindialmb/Downloads/DoseTrack_v1.1.1c/ios/TodayLogView_Checklist.swift:127:41: error: value of type 'TodayViewModel' has no dynamic member 'bedtimeUTC' using key path from root type 'TodayViewModel'
                    if let bedtime = vm.bedtimeUTC {
                                     ~~ ^~~~~~~~~~
/Users/kevindialmb/Downloads/DoseTrack_v1.1.1c/ios/TodayLogView_Checklist.swift:127:38: error: referencing subscript 'subscript(dynamicMember:)' requires wrapper 'ObservedObject<TodayViewModel>.Wrapper'
                    if let bedtime = vm.bedtimeUTC {
                                     ^
                                     $
/Users/kevindialmb/Downloads/DoseTrack_v1.1.1c/ios/TodayLogView_Checklist.swift:231:56: error: value of type 'CountdownRing.Status' has no member 'rawValue'
                                    Text(vm.ringStatus.rawValue)
                                         ~~~~~~~~~~~~~ ^~~~~~~~
/Users/kevindialmb/Downloads/DoseTrack_v1.1.1c/ios/SafetyBanner.swift:50:10: note: did you mean to specify a raw type on the enum declaration?
    enum Status { case idle, waiting, open, expired }
         ^
/Users/kevindialmb/Downloads/DoseTrack_v1.1.1c/ios/TodayLogView_Checklist.swift:570:14: error: cannot convert value of type 'String' to expected argument type 'LoggedEvent.Kind'
        case "bedtime": return "bed.double.fill"
             ^
             LoggedEvent.Kind(rawValue:  ) ?? <#default value#>
/Users/kevindialmb/Downloads/DoseTrack_v1.1.1c/ios/TodayLogView_Checklist.swift:571:14: error: cannot convert value of type 'String' to expected argument type 'LoggedEvent.Kind'
        case "dose1": return "pills.fill"
             ^
             LoggedEvent.Kind(rawValue:  ) ?? <#default value#>
/Users/kevindialmb/Downloads/DoseTrack_v1.1.1c/ios/TodayLogView_Checklist.swift:572:14: error: cannot convert value of type 'String' to expected argument type 'LoggedEvent.Kind'
        case "dose2": return "pills.fill"
             ^
             LoggedEvent.Kind(rawValue:  ) ?? <#default value#>
/Users/kevindialmb/Downloads/DoseTrack_v1.1.1c/ios/TodayLogView_Checklist.swift:573:14: error: cannot convert value of type 'String' to expected argument type 'LoggedEvent.Kind'
        case "bathroom": return "toilet.fill"
             ^
             LoggedEvent.Kind(rawValue:  ) ?? <#default value#>
/Users/kevindialmb/Downloads/DoseTrack_v1.1.1c/ios/TodayLogView_Checklist.swift:574:14: error: cannot convert value of type 'String' to expected argument type 'LoggedEvent.Kind'
        case "alarm_wake": return "alarm.fill"
             ^
             LoggedEvent.Kind(rawValue:  ) ?? <#default value#>
/Users/kevindialmb/Downloads/DoseTrack_v1.1.1c/ios/TodayLogView_Checklist.swift:575:14: error: cannot convert value of type 'String' to expected argument type 'LoggedEvent.Kind'
        case "final_wake": return "sunrise.fill"
             ^
             LoggedEvent.Kind(rawValue:  ) ?? <#default value#>
/Users/kevindialmb/Downloads/DoseTrack_v1.1.1c/ios/TodayLogView_Checklist.swift:582:14: error: cannot convert value of type 'String' to expected argument type 'LoggedEvent.Kind'
        case "dose1", "dose2": return .blue
             ^
             LoggedEvent.Kind(rawValue:  ) ?? <#default value#>
/Users/kevindialmb/Downloads/DoseTrack_v1.1.1c/ios/TodayLogView_Checklist.swift:582:23: error: cannot convert value of type 'String' to expected argument type 'LoggedEvent.Kind'
        case "dose1", "dose2": return .blue
                      ^
                      LoggedEvent.Kind(rawValue:  ) ?? <#default value#>
/Users/kevindialmb/Downloads/DoseTrack_v1.1.1c/ios/TodayLogView_Checklist.swift:583:14: error: cannot convert value of type 'String' to expected argument type 'LoggedEvent.Kind'
        case "bathroom": return .orange
             ^
             LoggedEvent.Kind(rawValue:  ) ?? <#default value#>
/Users/kevindialmb/Downloads/DoseTrack_v1.1.1c/ios/TodayLogView_Checklist.swift:584:14: error: cannot convert value of type 'String' to expected argument type 'LoggedEvent.Kind'
        case "alarm_wake", "final_wake": return .green
             ^
             LoggedEvent.Kind(rawValue:  ) ?? <#default value#>
/Users/kevindialmb/Downloads/DoseTrack_v1.1.1c/ios/TodayLogView_Checklist.swift:584:28: error: cannot convert value of type 'String' to expected argument type 'LoggedEvent.Kind'
        case "alarm_wake", "final_wake": return .green
                           ^
                           LoggedEvent.Kind(rawValue:  ) ?? <#default value#>
/Users/kevindialmb/Downloads/DoseTrack_v1.1.1c/ios/TodayLogView_Checklist.swift:591:14: error: cannot convert value of type 'String' to expected argument type 'LoggedEvent.Kind'
        case "bedtime": return "In bed"
             ^
             LoggedEvent.Kind(rawValue:  ) ?? <#default value#>
/Users/kevindialmb/Downloads/DoseTrack_v1.1.1c/ios/TodayLogView_Checklist.swift:592:14: error: cannot convert value of type 'String' to expected argument type 'LoggedEvent.Kind'
        case "dose1": return "Dose 1"
             ^
             LoggedEvent.Kind(rawValue:  ) ?? <#default value#>
/Users/kevindialmb/Downloads/DoseTrack_v1.1.1c/ios/TodayLogView_Checklist.swift:593:14: error: cannot convert value of type 'String' to expected argument type 'LoggedEvent.Kind'
        case "dose2": return "Dose 2"
             ^
             LoggedEvent.Kind(rawValue:  ) ?? <#default value#>
/Users/kevindialmb/Downloads/DoseTrack_v1.1.1c/ios/TodayLogView_Checklist.swift:594:14: error: cannot convert value of type 'String' to expected argument type 'LoggedEvent.Kind'
        case "bathroom": return "Bathroom"
             ^
             LoggedEvent.Kind(rawValue:  ) ?? <#default value#>
/Users/kevindialmb/Downloads/DoseTrack_v1.1.1c/ios/TodayLogView_Checklist.swift:595:14: error: cannot convert value of type 'String' to expected argument type 'LoggedEvent.Kind'
        case "alarm_wake": return "Alarm wake"
             ^
             LoggedEvent.Kind(rawValue:  ) ?? <#default value#>
/Users/kevindialmb/Downloads/DoseTrack_v1.1.1c/ios/TodayLogView_Checklist.swift:596:14: error: cannot convert value of type 'String' to expected argument type 'LoggedEvent.Kind'
        case "final_wake": return "Final wake"
             ^
             LoggedEvent.Kind(rawValue:  ) ?? <#default value#>
/Users/kevindialmb/Downloads/DoseTrack_v1.1.1c/ios/TodayLogView_Checklist.swift:597:31: error: cannot convert value of type 'LoggedEvent.Kind' to specified type 'String'
        default: return event.kind
                              ^
                                  .rawValue
/Users/kevindialmb/Downloads/DoseTrack_v1.1.1c/ios/TodayLogView_Checklist.swift:602:30: error: value of type 'LoggedEvent' has no member 'grams'
        if let grams = event.grams {
                       ~~~~~ ^~~~~

SwiftDriverJobDiscovery normal arm64 Compiling TodayViewModel+WakeEvents.swift (in target 'DoseTrack' from project 'DoseTrack')

SwiftCompile normal arm64 Compiling\ DoseTrackApp.swift /Users/kevindialmb/Downloads/DoseTrack_v1.1.1c/ios/DoseTrackApp.swift (in target 'DoseTrack' from project 'DoseTrack')

SwiftCompile normal arm64 /Users/kevindialmb/Downloads/DoseTrack_v1.1.1c/ios/DoseTrackApp.swift (in target 'DoseTrack' from project 'DoseTrack')
    cd /Users/kevindialmb/Downloads/DoseTrack_v1.1.1c/.swiftpm/xcode
    

SwiftDriverJobDiscovery normal arm64 Compiling TodayViewModel+Dose2Override.swift (in target 'DoseTrack' from project 'DoseTrack')

SwiftCompile normal arm64 Compiling\ TodayViewModel+LateDose.swift /Users/kevindialmb/Downloads/DoseTrack_v1.1.1c/ios/TodayViewModel+LateDose.swift (in target 'DoseTrack' from project 'DoseTrack')

SwiftCompile normal arm64 /Users/kevindialmb/Downloads/DoseTrack_v1.1.1c/ios/TodayViewModel+LateDose.swift (in target 'DoseTrack' from project 'DoseTrack')
    cd /Users/kevindialmb/Downloads/DoseTrack_v1.1.1c/.swiftpm/xcode
    

SwiftDriverJobDiscovery normal arm64 Compiling DoseTrackApp.swift (in target 'DoseTrack' from project 'DoseTrack')

SwiftDriverJobDiscovery normal arm64 Compiling TodayViewModel.swift (in target 'DoseTrack' from project 'DoseTrack')

SwiftDriverJobDiscovery normal arm64 Compiling WakeSheetView.swift (in target 'DoseTrack' from project 'DoseTrack')

SwiftDriverJobDiscovery normal arm64 Compiling TodayViewModel+LateDose.swift (in target 'DoseTrack' from project 'DoseTrack')

SwiftDriverJobDiscovery normal arm64 Emitting module for DoseTrack (in target 'DoseTrack' from project 'DoseTrack')

SwiftDriver\ Compilation\ Requirements DoseTrack normal arm64 com.apple.xcode.tools.swift.compiler (in target 'DoseTrack' from project 'DoseTrack')
    cd /Users/kevindialmb/Downloads/DoseTrack_v1.1.1c/.swiftpm/xcode
    builtin-Swift-Compilation-Requirements -- /Applications/_Development/Xcode.app/Contents/Developer/Toolchains/XcodeDefault.xctoolchain/usr/bin/swiftc -module-name DoseTrack -Onone -enforce-exclusivity\=checked @/Users/kevindialmb/Library/Developer/Xcode/DerivedData/DoseTrack_v1.1-daapowanhyjajcckamlreoxtljbp/Build/Intermediates.noindex/DoseTrack.build/Debug-iphonesimulator/DoseTrack.build/Objects-normal/arm64/DoseTrack.SwiftFileList -DSWIFT_PACKAGE -DDEBUG -DSWIFT_MODULE_RESOURCE_BUNDLE_UNAVAILABLE -DXcode -plugin-path /Applications/_Development/Xcode.app/Contents/Developer/Toolchains/XcodeDefault.xctoolchain/usr/lib/swift/host/plugins/testing -enable-experimental-feature DebugDescriptionMacro -sdk /Applications/_Development/Xcode.app/Contents/Developer/Platforms/iPhoneSimulator.platform/Developer/SDKs/iPhoneSimulator26.0.sdk -target arm64-apple-ios17.0-simulator -g -module-cache-path /Users/kevindialmb/Library/Developer/Xcode/DerivedData/ModuleCache.noindex -Xfrontend -serialize-debugging-options -profile-coverage-mapping -profile-generate -enable-testing -index-store-path /Users/kevindialmb/Library/Developer/Xcode/DerivedData/DoseTrack_v1.1-daapowanhyjajcckamlreoxtljbp/Index.noindex/DataStore -Xcc -D_LIBCPP_HARDENING_MODE\=_LIBCPP_HARDENING_MODE_DEBUG -swift-version 5 -I /Users/kevindialmb/Library/Developer/Xcode/DerivedData/DoseTrack_v1.1-daapowanhyjajcckamlreoxtljbp/Build/Products/Debug-iphonesimulator -Isystem /Applications/_Development/Xcode.app/Contents/Developer/Platforms/iPhoneSimulator.platform/Developer/usr/lib -F /Users/kevindialmb/Library/Developer/Xcode/DerivedData/DoseTrack_v1.1-daapowanhyjajcckamlreoxtljbp/Build/Products/Debug-iphonesimulator -F /Applications/_Development/Xcode.app/Contents/Developer/Platforms/iPhoneSimulator.platform/Developer/Library/Frameworks -F /Applications/_Development/Xcode.app/Contents/Developer/Platforms/iPhoneSimulator.platform/Developer/SDKs/iPhoneSimulator26.0.sdk/Developer/Library/Frameworks -c -j10 -enable-batch-mode -incremental -Xcc -ivfsstatcache -Xcc /Users/kevindialmb/Library/Developer/Xcode/DerivedData/SDKStatCaches.noindex/iphonesimulator26.0-23A339-52bbade31dfd1f3e760fc2f57ab025c3.sdkstatcache -output-file-map /Users/kevindialmb/Library/Developer/Xcode/DerivedData/DoseTrack_v1.1-daapowanhyjajcckamlreoxtljbp/Build/Intermediates.noindex/DoseTrack.build/Debug-iphonesimulator/DoseTrack.build/Objects-normal/arm64/DoseTrack-OutputFileMap.json -use-frontend-parseable-output -save-temps -no-color-diagnostics -explicit-module-build -module-cache-path /Users/kevindialmb/Library/Developer/Xcode/DerivedData/DoseTrack_v1.1-daapowanhyjajcckamlreoxtljbp/Build/Intermediates.noindex/SwiftExplicitPrecompiledModules -clang-scanner-module-cache-path /Users/kevindialmb/Library/Developer/Xcode/DerivedData/ModuleCache.noindex -sdk-module-cache-path /Users/kevindialmb/Library/Developer/Xcode/DerivedData/ModuleCache.noindex -serialize-diagnostics -emit-dependencies -emit-module -emit-module-path /Users/kevindialmb/Library/Developer/Xcode/DerivedData/DoseTrack_v1.1-daapowanhyjajcckamlreoxtljbp/Build/Intermediates.noindex/DoseTrack.build/Debug-iphonesimulator/DoseTrack.build/Objects-normal/arm64/DoseTrack.swiftmodule -validate-clang-modules-once -clang-build-session-file /Users/kevindialmb/Library/Developer/Xcode/DerivedData/ModuleCache.noindex/Session.modulevalidation -package-name dosetrack_v1_1_1c -Xcc -I/Users/kevindialmb/Library/Developer/Xcode/DerivedData/DoseTrack_v1.1-daapowanhyjajcckamlreoxtljbp/Build/Intermediates.noindex/DoseTrack.build/Debug-iphonesimulator/DoseTrack.build/swift-overrides.hmap -emit-const-values -Xfrontend -const-gather-protocols-file -Xfrontend /Users/kevindialmb/Library/Developer/Xcode/DerivedData/DoseTrack_v1.1-daapowanhyjajcckamlreoxtljbp/Build/Intermediates.noindex/DoseTrack.build/Debug-iphonesimulator/DoseTrack.build/Objects-normal/arm64/DoseTrack_const_extract_protocols.json -Xcc -I/Users/kevindialmb/Library/Developer/Xcode/DerivedData/DoseTrack_v1.1-daapowanhyjajcckamlreoxtljbp/Build/Products/Debug-iphonesimulator/include -Xcc -I/Users/kevindialmb/Library/Developer/Xcode/DerivedData/DoseTrack_v1.1-daapowanhyjajcckamlreoxtljbp/Build/Intermediates.noindex/DoseTrack.build/Debug-iphonesimulator/DoseTrack.build/DerivedSources-normal/arm64 -Xcc -I/Users/kevindialmb/Library/Developer/Xcode/DerivedData/DoseTrack_v1.1-daapowanhyjajcckamlreoxtljbp/Build/Intermediates.noindex/DoseTrack.build/Debug-iphonesimulator/DoseTrack.build/DerivedSources/arm64 -Xcc -I/Users/kevindialmb/Library/Developer/Xcode/DerivedData/DoseTrack_v1.1-daapowanhyjajcckamlreoxtljbp/Build/Intermediates.noindex/DoseTrack.build/Debug-iphonesimulator/DoseTrack.build/DerivedSources -Xcc -DSWIFT_PACKAGE -Xcc -DDEBUG\=1 -emit-objc-header -emit-objc-header-path /Users/kevindialmb/Library/Developer/Xcode/DerivedData/DoseTrack_v1.1-daapowanhyjajcckamlreoxtljbp/Build/Intermediates.noindex/DoseTrack.build/Debug-iphonesimulator/DoseTrack.build/Objects-normal/arm64/DoseTrack-Swift.h -working-directory /Users/kevindialmb/Downloads/DoseTrack_v1.1.1c/.swiftpm/xcode -experimental-emit-module-separately -disable-cmo

Copy /Users/kevindialmb/Library/Developer/Xcode/DerivedData/DoseTrack_v1.1-daapowanhyjajcckamlreoxtljbp/Build/Products/Debug-iphonesimulator/DoseTrack.swiftmodule/arm64-apple-ios-simulator.swiftmodule /Users/kevindialmb/Library/Developer/Xcode/DerivedData/DoseTrack_v1.1-daapowanhyjajcckamlreoxtljbp/Build/Intermediates.noindex/DoseTrack.build/Debug-iphonesimulator/DoseTrack.build/Objects-normal/arm64/DoseTrack.swiftmodule (in target 'DoseTrack' from project 'DoseTrack')
    cd /Users/kevindialmb/Downloads/DoseTrack_v1.1.1c
    builtin-copy -exclude .DS_Store -exclude CVS -exclude .svn -exclude .git -exclude .hg -resolve-src-symlinks -rename /Users/kevindialmb/Library/Developer/Xcode/DerivedData/DoseTrack_v1.1-daapowanhyjajcckamlreoxtljbp/Build/Intermediates.noindex/DoseTrack.build/Debug-iphonesimulator/DoseTrack.build/Objects-normal/arm64/DoseTrack.swiftmodule /Users/kevindialmb/Library/Developer/Xcode/DerivedData/DoseTrack_v1.1-daapowanhyjajcckamlreoxtljbp/Build/Products/Debug-iphonesimulator/DoseTrack.swiftmodule/arm64-apple-ios-simulator.swiftmodule

Copy /Users/kevindialmb/Library/Developer/Xcode/DerivedData/DoseTrack_v1.1-daapowanhyjajcckamlreoxtljbp/Build/Products/Debug-iphonesimulator/DoseTrack.swiftmodule/arm64-apple-ios-simulator.abi.json /Users/kevindialmb/Library/Developer/Xcode/DerivedData/DoseTrack_v1.1-daapowanhyjajcckamlreoxtljbp/Build/Intermediates.noindex/DoseTrack.build/Debug-iphonesimulator/DoseTrack.build/Objects-normal/arm64/DoseTrack.abi.json (in target 'DoseTrack' from project 'DoseTrack')
    cd /Users/kevindialmb/Downloads/DoseTrack_v1.1.1c
    builtin-copy -exclude .DS_Store -exclude CVS -exclude .svn -exclude .git -exclude .hg -resolve-src-symlinks -rename /Users/kevindialmb/Library/Developer/Xcode/DerivedData/DoseTrack_v1.1-daapowanhyjajcckamlreoxtljbp/Build/Intermediates.noindex/DoseTrack.build/Debug-iphonesimulator/DoseTrack.build/Objects-normal/arm64/DoseTrack.abi.json /Users/kevindialmb/Library/Developer/Xcode/DerivedData/DoseTrack_v1.1-daapowanhyjajcckamlreoxtljbp/Build/Products/Debug-iphonesimulator/DoseTrack.swiftmodule/arm64-apple-ios-simulator.abi.json

Copy /Users/kevindialmb/Library/Developer/Xcode/DerivedData/DoseTrack_v1.1-daapowanhyjajcckamlreoxtljbp/Build/Products/Debug-iphonesimulator/DoseTrack.swiftmodule/Project/arm64-apple-ios-simulator.swiftsourceinfo /Users/kevindialmb/Library/Developer/Xcode/DerivedData/DoseTrack_v1.1-daapowanhyjajcckamlreoxtljbp/Build/Intermediates.noindex/DoseTrack.build/Debug-iphonesimulator/DoseTrack.build/Objects-normal/arm64/DoseTrack.swiftsourceinfo (in target 'DoseTrack' from project 'DoseTrack')
    cd /Users/kevindialmb/Downloads/DoseTrack_v1.1.1c
    builtin-copy -exclude .DS_Store -exclude CVS -exclude .svn -exclude .git -exclude .hg -resolve-src-symlinks -rename /Users/kevindialmb/Library/Developer/Xcode/DerivedData/DoseTrack_v1.1-daapowanhyjajcckamlreoxtljbp/Build/Intermediates.noindex/DoseTrack.build/Debug-iphonesimulator/DoseTrack.build/Objects-normal/arm64/DoseTrack.swiftsourceinfo /Users/kevindialmb/Library/Developer/Xcode/DerivedData/DoseTrack_v1.1-daapowanhyjajcckamlreoxtljbp/Build/Products/Debug-iphonesimulator/DoseTrack.swiftmodule/Project/arm64-apple-ios-simulator.swiftsourceinfo

SwiftDriverJobDiscovery normal arm64 Compiling LateDoseSheetView.swift, ResetNightSheet.swift (in target 'DoseTrack' from project 'DoseTrack')

SwiftDriverJobDiscovery normal arm64 Compiling CountdownRingView.swift, DoseLogController.swift (in target 'DoseTrack' from project 'DoseTrack')

** BUILD FAILED **


The following build commands failed:
	SwiftCompile normal arm64 Compiling\ TodayLogView_Checklist.swift /Users/kevindialmb/Downloads/DoseTrack_v1.1.1c/ios/TodayLogView_Checklist.swift (in target 'DoseTrack' from project 'DoseTrack')
	SwiftCompile normal arm64 /Users/kevindialmb/Downloads/DoseTrack_v1.1.1c/ios/TodayLogView_Checklist.swift (in target 'DoseTrack' from project 'DoseTrack')
	Building workspace DoseTrack_v1.1 with scheme DoseTrack
(3 failures)
