Command line invocation:
    /Applications/_Development/Xcode.app/Contents/Developer/usr/bin/xcodebuild -scheme DoseTrack -destination "platform=iOS Simulator,id=A260D359-E23B-4152-8BFC-91CD9C6ACC1E" build

Resolve Package Graph
2025-11-03 07:58:34.794 xcodebuild[50908:3314108] [MT] IDERunDestination: Supported platforms for the buildables in the current scheme is empty.


Resolved source packages:
  DoseTrack: /Users/kevindialmb/Downloads/DoseTrack_v1.1.1c

--- xcodebuild: WARNING: Using the first of multiple matching destinations:
{ platform:iOS Simulator, arch:arm64, id:A260D359-E23B-4152-8BFC-91CD9C6ACC1E, OS:17.2, name:iPhone 15 }
{ platform:iOS Simulator, arch:x86_64, id:A260D359-E23B-4152-8BFC-91CD9C6ACC1E, OS:17.2, name:iPhone 15 }
ComputePackagePrebuildTargetDependencyGraph

Prepare packages

CreateBuildRequest

SendProjectDescription

CreateBuildOperation

ComputeTargetDependencyGraph
note: Building targets in dependency order
note: Target dependency graph (2 targets)
    Target 'DoseTrack' in project 'DoseTrack'
        ➜ Explicit dependency on target 'DoseTrack' in project 'DoseTrack'
    Target 'DoseTrack' in project 'DoseTrack' (no dependencies)

GatherProvisioningInputs

CreateBuildDescription

ClangStatCache /Applications/_Development/Xcode.app/Contents/Developer/Toolchains/XcodeDefault.xctoolchain/usr/bin/clang-stat-cache /Applications/_Development/Xcode.app/Contents/Developer/Platforms/iPhoneSimulator.platform/Developer/SDKs/iPhoneSimulator26.0.sdk /Users/kevindialmb/Library/Developer/Xcode/DerivedData/SDKStatCaches.noindex/iphonesimulator26.0-23A339-52bbade31dfd1f3e760fc2f57ab025c3.sdkstatcache
    cd /Users/kevindialmb/Downloads/DoseTrack_v1.1.1c/.swiftpm/xcode
    /Applications/_Development/Xcode.app/Contents/Developer/Toolchains/XcodeDefault.xctoolchain/usr/bin/clang-stat-cache /Applications/_Development/Xcode.app/Contents/Developer/Platforms/iPhoneSimulator.platform/Developer/SDKs/iPhoneSimulator26.0.sdk -o /Users/kevindialmb/Library/Developer/Xcode/DerivedData/SDKStatCaches.noindex/iphonesimulator26.0-23A339-52bbade31dfd1f3e760fc2f57ab025c3.sdkstatcache

SwiftDriver DoseTrack normal arm64 com.apple.xcode.tools.swift.compiler (in target 'DoseTrack' from project 'DoseTrack')
    cd /Users/kevindialmb/Downloads/DoseTrack_v1.1.1c/.swiftpm/xcode
    builtin-SwiftDriver -- /Applications/_Development/Xcode.app/Contents/Developer/Toolchains/XcodeDefault.xctoolchain/usr/bin/swiftc -module-name DoseTrack -Onone -enforce-exclusivity\=checked @/Users/kevindialmb/Library/Developer/Xcode/DerivedData/DoseTrack_v1.1-daapowanhyjajcckamlreoxtljbp/Build/Intermediates.noindex/DoseTrack.build/Debug-iphonesimulator/DoseTrack.build/Objects-normal/arm64/DoseTrack.SwiftFileList -DSWIFT_PACKAGE -DDEBUG -DSWIFT_MODULE_RESOURCE_BUNDLE_UNAVAILABLE -DXcode -plugin-path /Applications/_Development/Xcode.app/Contents/Developer/Toolchains/XcodeDefault.xctoolchain/usr/lib/swift/host/plugins/testing -enable-experimental-feature DebugDescriptionMacro -sdk /Applications/_Development/Xcode.app/Contents/Developer/Platforms/iPhoneSimulator.platform/Developer/SDKs/iPhoneSimulator26.0.sdk -target arm64-apple-ios17.0-simulator -g -module-cache-path /Users/kevindialmb/Library/Developer/Xcode/DerivedData/ModuleCache.noindex -Xfrontend -serialize-debugging-options -profile-coverage-mapping -profile-generate -enable-testing -index-store-path /Users/kevindialmb/Library/Developer/Xcode/DerivedData/DoseTrack_v1.1-daapowanhyjajcckamlreoxtljbp/Index.noindex/DataStore -Xcc -D_LIBCPP_HARDENING_MODE\=_LIBCPP_HARDENING_MODE_DEBUG -swift-version 5 -I /Users/kevindialmb/Library/Developer/Xcode/DerivedData/DoseTrack_v1.1-daapowanhyjajcckamlreoxtljbp/Build/Products/Debug-iphonesimulator -Isystem /Applications/_Development/Xcode.app/Contents/Developer/Platforms/iPhoneSimulator.platform/Developer/usr/lib -F /Users/kevindialmb/Library/Developer/Xcode/DerivedData/DoseTrack_v1.1-daapowanhyjajcckamlreoxtljbp/Build/Products/Debug-iphonesimulator -F /Applications/_Development/Xcode.app/Contents/Developer/Platforms/iPhoneSimulator.platform/Developer/Library/Frameworks -F /Applications/_Development/Xcode.app/Contents/Developer/Platforms/iPhoneSimulator.platform/Developer/SDKs/iPhoneSimulator26.0.sdk/Developer/Library/Frameworks -c -j10 -enable-batch-mode -incremental -Xcc -ivfsstatcache -Xcc /Users/kevindialmb/Library/Developer/Xcode/DerivedData/SDKStatCaches.noindex/iphonesimulator26.0-23A339-52bbade31dfd1f3e760fc2f57ab025c3.sdkstatcache -output-file-map /Users/kevindialmb/Library/Developer/Xcode/DerivedData/DoseTrack_v1.1-daapowanhyjajcckamlreoxtljbp/Build/Intermediates.noindex/DoseTrack.build/Debug-iphonesimulator/DoseTrack.build/Objects-normal/arm64/DoseTrack-OutputFileMap.json -use-frontend-parseable-output -save-temps -no-color-diagnostics -explicit-module-build -module-cache-path /Users/kevindialmb/Library/Developer/Xcode/DerivedData/DoseTrack_v1.1-daapowanhyjajcckamlreoxtljbp/Build/Intermediates.noindex/SwiftExplicitPrecompiledModules -clang-scanner-module-cache-path /Users/kevindialmb/Library/Developer/Xcode/DerivedData/ModuleCache.noindex -sdk-module-cache-path /Users/kevindialmb/Library/Developer/Xcode/DerivedData/ModuleCache.noindex -serialize-diagnostics -emit-dependencies -emit-module -emit-module-path /Users/kevindialmb/Library/Developer/Xcode/DerivedData/DoseTrack_v1.1-daapowanhyjajcckamlreoxtljbp/Build/Intermediates.noindex/DoseTrack.build/Debug-iphonesimulator/DoseTrack.build/Objects-normal/arm64/DoseTrack.swiftmodule -validate-clang-modules-once -clang-build-session-file /Users/kevindialmb/Library/Developer/Xcode/DerivedData/ModuleCache.noindex/Session.modulevalidation -package-name dosetrack_v1_1_1c -Xcc -I/Users/kevindialmb/Library/Developer/Xcode/DerivedData/DoseTrack_v1.1-daapowanhyjajcckamlreoxtljbp/Build/Intermediates.noindex/DoseTrack.build/Debug-iphonesimulator/DoseTrack.build/swift-overrides.hmap -emit-const-values -Xfrontend -const-gather-protocols-file -Xfrontend /Users/kevindialmb/Library/Developer/Xcode/DerivedData/DoseTrack_v1.1-daapowanhyjajcckamlreoxtljbp/Build/Intermediates.noindex/DoseTrack.build/Debug-iphonesimulator/DoseTrack.build/Objects-normal/arm64/DoseTrack_const_extract_protocols.json -Xcc -I/Users/kevindialmb/Library/Developer/Xcode/DerivedData/DoseTrack_v1.1-daapowanhyjajcckamlreoxtljbp/Build/Products/Debug-iphonesimulator/include -Xcc -I/Users/kevindialmb/Library/Developer/Xcode/DerivedData/DoseTrack_v1.1-daapowanhyjajcckamlreoxtljbp/Build/Intermediates.noindex/DoseTrack.build/Debug-iphonesimulator/DoseTrack.build/DerivedSources-normal/arm64 -Xcc -I/Users/kevindialmb/Library/Developer/Xcode/DerivedData/DoseTrack_v1.1-daapowanhyjajcckamlreoxtljbp/Build/Intermediates.noindex/DoseTrack.build/Debug-iphonesimulator/DoseTrack.build/DerivedSources/arm64 -Xcc -I/Users/kevindialmb/Library/Developer/Xcode/DerivedData/DoseTrack_v1.1-daapowanhyjajcckamlreoxtljbp/Build/Intermediates.noindex/DoseTrack.build/Debug-iphonesimulator/DoseTrack.build/DerivedSources -Xcc -DSWIFT_PACKAGE -Xcc -DDEBUG\=1 -emit-objc-header -emit-objc-header-path /Users/kevindialmb/Library/Developer/Xcode/DerivedData/DoseTrack_v1.1-daapowanhyjajcckamlreoxtljbp/Build/Intermediates.noindex/DoseTrack.build/Debug-iphonesimulator/DoseTrack.build/Objects-normal/arm64/DoseTrack-Swift.h -working-directory /Users/kevindialmb/Downloads/DoseTrack_v1.1.1c/.swiftpm/xcode -experimental-emit-module-separately -disable-cmo

SwiftCompile normal arm64 Compiling\ AppPreferencesEnhanced+LateDose.swift,\ AppPreferencesEnhanced.swift,\ CSVExporter.swift,\ Config.swift /Users/kevindialmb/Downloads/DoseTrack_v1.1.1c/ios/AppPreferencesEnhanced+LateDose.swift /Users/kevindialmb/Downloads/DoseTrack_v1.1.1c/ios/AppPreferencesEnhanced.swift /Users/kevindialmb/Downloads/DoseTrack_v1.1.1c/ios/CSVExporter.swift /Users/kevindialmb/Downloads/DoseTrack_v1.1.1c/ios/Config.swift (in target 'DoseTrack' from project 'DoseTrack')

SwiftCompile normal arm64 /Users/kevindialmb/Downloads/DoseTrack_v1.1.1c/ios/AppPreferencesEnhanced+LateDose.swift (in target 'DoseTrack' from project 'DoseTrack')
    cd /Users/kevindialmb/Downloads/DoseTrack_v1.1.1c/.swiftpm/xcode
    

SwiftCompile normal arm64 /Users/kevindialmb/Downloads/DoseTrack_v1.1.1c/ios/AppPreferencesEnhanced.swift (in target 'DoseTrack' from project 'DoseTrack')
    cd /Users/kevindialmb/Downloads/DoseTrack_v1.1.1c/.swiftpm/xcode
    

SwiftCompile normal arm64 /Users/kevindialmb/Downloads/DoseTrack_v1.1.1c/ios/CSVExporter.swift (in target 'DoseTrack' from project 'DoseTrack')
    cd /Users/kevindialmb/Downloads/DoseTrack_v1.1.1c/.swiftpm/xcode
    

SwiftCompile normal arm64 /Users/kevindialmb/Downloads/DoseTrack_v1.1.1c/ios/Config.swift (in target 'DoseTrack' from project 'DoseTrack')
    cd /Users/kevindialmb/Downloads/DoseTrack_v1.1.1c/.swiftpm/xcode
    

SwiftCompile normal arm64 Compiling\ AlarmOrchestrator.swift,\ AppGroupStore.swift,\ AppIntents+DoseLog.swift,\ AppPreferences.swift /Users/kevindialmb/Downloads/DoseTrack_v1.1.1c/ios/AlarmOrchestrator.swift /Users/kevindialmb/Downloads/DoseTrack_v1.1.1c/ios/AppGroupStore.swift /Users/kevindialmb/Downloads/DoseTrack_v1.1.1c/ios/AppIntents+DoseLog.swift /Users/kevindialmb/Downloads/DoseTrack_v1.1.1c/ios/AppPreferences.swift (in target 'DoseTrack' from project 'DoseTrack')
SwiftCompile normal arm64 /Users/kevindialmb/Downloads/DoseTrack_v1.1.1c/ios/AlarmOrchestrator.swift (in target 'DoseTrack' from project 'DoseTrack')
    cd /Users/kevindialmb/Downloads/DoseTrack_v1.1.1c/.swiftpm/xcode
    

SwiftCompile normal arm64 /Users/kevindialmb/Downloads/DoseTrack_v1.1.1c/ios/AppGroupStore.swift (in target 'DoseTrack' from project 'DoseTrack')
    cd /Users/kevindialmb/Downloads/DoseTrack_v1.1.1c/.swiftpm/xcode
    

SwiftCompile normal arm64 /Users/kevindialmb/Downloads/DoseTrack_v1.1.1c/ios/AppIntents+DoseLog.swift (in target 'DoseTrack' from project 'DoseTrack')
    cd /Users/kevindialmb/Downloads/DoseTrack_v1.1.1c/.swiftpm/xcode
    

SwiftCompile normal arm64 /Users/kevindialmb/Downloads/DoseTrack_v1.1.1c/ios/AppPreferences.swift (in target 'DoseTrack' from project 'DoseTrack')
    cd /Users/kevindialmb/Downloads/DoseTrack_v1.1.1c/.swiftpm/xcode
    

SwiftCompile normal arm64 Compiling\ CountdownRingView.swift,\ Date+UTC.swift,\ DoseLogController.swift,\ DoseTrackApp.swift /Users/kevindialmb/Downloads/DoseTrack_v1.1.1c/ios/CountdownRingView.swift /Users/kevindialmb/Downloads/DoseTrack_v1.1.1c/ios/Date+UTC.swift /Users/kevindialmb/Downloads/DoseTrack_v1.1.1c/ios/DoseLogController.swift /Users/kevindialmb/Downloads/DoseTrack_v1.1.1c/ios/DoseTrackApp.swift (in target 'DoseTrack' from project 'DoseTrack')
SwiftCompile normal arm64 /Users/kevindialmb/Downloads/DoseTrack_v1.1.1c/ios/CountdownRingView.swift (in target 'DoseTrack' from project 'DoseTrack')
    cd /Users/kevindialmb/Downloads/DoseTrack_v1.1.1c/.swiftpm/xcode
    

SwiftCompile normal arm64 /Users/kevindialmb/Downloads/DoseTrack_v1.1.1c/ios/Date+UTC.swift (in target 'DoseTrack' from project 'DoseTrack')
    cd /Users/kevindialmb/Downloads/DoseTrack_v1.1.1c/.swiftpm/xcode
    

SwiftCompile normal arm64 /Users/kevindialmb/Downloads/DoseTrack_v1.1.1c/ios/DoseLogController.swift (in target 'DoseTrack' from project 'DoseTrack')
    cd /Users/kevindialmb/Downloads/DoseTrack_v1.1.1c/.swiftpm/xcode
    

SwiftCompile normal arm64 /Users/kevindialmb/Downloads/DoseTrack_v1.1.1c/ios/DoseTrackApp.swift (in target 'DoseTrack' from project 'DoseTrack')
    cd /Users/kevindialmb/Downloads/DoseTrack_v1.1.1c/.swiftpm/xcode
    

SwiftCompile normal arm64 Compiling\ EarlyDoseSheet.swift,\ EarlyDoseSheetView.swift,\ EventStripView.swift,\ HealthKitManager.swift /Users/kevindialmb/Downloads/DoseTrack_v1.1.1c/ios/EarlyDoseSheet.swift /Users/kevindialmb/Downloads/DoseTrack_v1.1.1c/ios/EarlyDoseSheetView.swift /Users/kevindialmb/Downloads/DoseTrack_v1.1.1c/ios/EventStripView.swift /Users/kevindialmb/Downloads/DoseTrack_v1.1.1c/ios/HealthKitManager.swift (in target 'DoseTrack' from project 'DoseTrack')

SwiftCompile normal arm64 /Users/kevindialmb/Downloads/DoseTrack_v1.1.1c/ios/EarlyDoseSheet.swift (in target 'DoseTrack' from project 'DoseTrack')
    cd /Users/kevindialmb/Downloads/DoseTrack_v1.1.1c/.swiftpm/xcode
    

SwiftCompile normal arm64 /Users/kevindialmb/Downloads/DoseTrack_v1.1.1c/ios/EarlyDoseSheetView.swift (in target 'DoseTrack' from project 'DoseTrack')
    cd /Users/kevindialmb/Downloads/DoseTrack_v1.1.1c/.swiftpm/xcode
    

SwiftCompile normal arm64 /Users/kevindialmb/Downloads/DoseTrack_v1.1.1c/ios/EventStripView.swift (in target 'DoseTrack' from project 'DoseTrack')
    cd /Users/kevindialmb/Downloads/DoseTrack_v1.1.1c/.swiftpm/xcode
    

SwiftCompile normal arm64 /Users/kevindialmb/Downloads/DoseTrack_v1.1.1c/ios/HealthKitManager.swift (in target 'DoseTrack' from project 'DoseTrack')
    cd /Users/kevindialmb/Downloads/DoseTrack_v1.1.1c/.swiftpm/xcode
    

SwiftEmitModule normal arm64 Emitting\ module\ for\ DoseTrack (in target 'DoseTrack' from project 'DoseTrack')
Failed frontend command:
/Applications/_Development/Xcode.app/Contents/Developer/Toolchains/XcodeDefault.xctoolchain/usr/bin/swift-frontend -frontend -emit-module -experimental-skip-non-inlinable-function-bodies-without-types /Users/kevindialmb/Downloads/DoseTrack_v1.1.1c/ios/AlarmOrchestrator.swift /Users/kevindialmb/Downloads/DoseTrack_v1.1.1c/ios/AppGroupStore.swift /Users/kevindialmb/Downloads/DoseTrack_v1.1.1c/ios/AppIntents+DoseLog.swift /Users/kevindialmb/Downloads/DoseTrack_v1.1.1c/ios/AppPreferences.swift /Users/kevindialmb/Downloads/DoseTrack_v1.1.1c/ios/AppPreferencesEnhanced+LateDose.swift /Users/kevindialmb/Downloads/DoseTrack_v1.1.1c/ios/AppPreferencesEnhanced.swift /Users/kevindialmb/Downloads/DoseTrack_v1.1.1c/ios/CSVExporter.swift /Users/kevindialmb/Downloads/DoseTrack_v1.1.1c/ios/Config.swift /Users/kevindialmb/Downloads/DoseTrack_v1.1.1c/ios/CountdownRingView.swift /Users/kevindialmb/Downloads/DoseTrack_v1.1.1c/ios/Date+UTC.swift /Users/kevindialmb/Downloads/DoseTrack_v1.1.1c/ios/DoseLogController.swift /Users/kevindialmb/Downloads/DoseTrack_v1.1.1c/ios/DoseTrackApp.swift /Users/kevindialmb/Downloads/DoseTrack_v1.1.1c/ios/EarlyDoseSheet.swift /Users/kevindialmb/Downloads/DoseTrack_v1.1.1c/ios/EarlyDoseSheetView.swift /Users/kevindialmb/Downloads/DoseTrack_v1.1.1c/ios/EventStripView.swift /Users/kevindialmb/Downloads/DoseTrack_v1.1.1c/ios/HealthKitManager.swift /Users/kevindialmb/Downloads/DoseTrack_v1.1.1c/ios/LateDoseSheetView.swift /Users/kevindialmb/Downloads/DoseTrack_v1.1.1c/ios/Models.swift /Users/kevindialmb/Downloads/DoseTrack_v1.1.1c/ios/NightAlarmPlan.swift /Users/kevindialmb/Downloads/DoseTrack_v1.1.1c/ios/NightPlanRecommender.swift /Users/kevindialmb/Downloads/DoseTrack_v1.1.1c/ios/ResetNightSheet.swift /Users/kevindialmb/Downloads/DoseTrack_v1.1.1c/ios/Rounding+Display.swift /Users/kevindialmb/Downloads/DoseTrack_v1.1.1c/ios/SafetyBanner.swift /Users/kevindialmb/Downloads/DoseTrack_v1.1.1c/ios/SafetyBannerView.swift /Users/kevindialmb/Downloads/DoseTrack_v1.1.1c/ios/SettingsViewEnhanced.swift /Users/kevindialmb/Downloads/DoseTrack_v1.1.1c/ios/TodayLogView.swift /Users/kevindialmb/Downloads/DoseTrack_v1.1.1c/ios/TodayLogView_CardStack.swift /Users/kevindialmb/Downloads/DoseTrack_v1.1.1c/ios/TodayLogView_Checklist.swift /Users/kevindialmb/Downloads/DoseTrack_v1.1.1c/ios/TodayViewModel+Dose2Override.swift /Users/kevindialmb/Downloads/DoseTrack_v1.1.1c/ios/TodayViewModel+LateDose.swift /Users/kevindialmb/Downloads/DoseTrack_v1.1.1c/ios/TodayViewModel+WakeEvents.swift /Users/kevindialmb/Downloads/DoseTrack_v1.1.1c/ios/TodayViewModel.swift /Users/kevindialmb/Downloads/DoseTrack_v1.1.1c/ios/WakeReason.swift /Users/kevindialmb/Downloads/DoseTrack_v1.1.1c/ios/WakeSheetView.swift /Users/kevindialmb/Downloads/DoseTrack_v1.1.1c/ios/WindowState.swift -target arm64-apple-ios17.0-simulator -disable-cross-import-overlay-search -swift-module-cross-import AppIntents /Applications/_Development/Xcode.app/Contents/Developer/Platforms/iPhoneSimulator.platform/Developer/SDKs/iPhoneSimulator.sdk/System/Library/Frameworks/AppIntents.framework/Modules/AppIntents.swiftcrossimport/SwiftUI.swiftoverlay -swift-module-cross-import AppIntents /Applications/_Development/Xcode.app/Contents/Developer/Platforms/iPhoneSimulator.platform/Developer/SDKs/iPhoneSimulator.sdk/System/Library/Frameworks/AppIntents.framework/Modules/AppIntents.swiftcrossimport/UIKit.swiftoverlay -swift-module-cross-import AppIntents /Applications/_Development/Xcode.app/Contents/Developer/Platforms/iPhoneSimulator.platform/Developer/SDKs/iPhoneSimulator26.0.sdk/System/Library/Frameworks/AppIntents.framework/Modules/AppIntents.swiftcrossimport/SwiftUI.swiftoverlay -swift-module-cross-import AppIntents /Applications/_Development/Xcode.app/Contents/Developer/Platforms/iPhoneSimulator.platform/Developer/SDKs/iPhoneSimulator26.0.sdk/System/Library/Frameworks/AppIntents.framework/Modules/AppIntents.swiftcrossimport/UIKit.swiftoverlay -swift-module-cross-import RelevanceKit /Applications/_Development/Xcode.app/Contents/Developer/Platforms/iPhoneSimulator.platform/Developer/SDKs/iPhoneSimulator.sdk/System/Library/Frameworks/RelevanceKit.framework/Modules/RelevanceKit.swiftcrossimport/MapKit.swiftoverlay -swift-module-cross-import RelevanceKit /Applications/_Development/Xcode.app/Contents/Developer/Platforms/iPhoneSimulator.platform/Developer/SDKs/iPhoneSimulator26.0.sdk/System/Library/Frameworks/RelevanceKit.framework/Modules/RelevanceKit.swiftcrossimport/MapKit.swiftoverlay -swift-module-cross-import SwiftData /Applications/_Development/Xcode.app/Contents/Developer/Platforms/iPhoneSimulator.platform/Developer/SDKs/iPhoneSimulator26.0.sdk/System/Library/Frameworks/SwiftData.framework/Modules/SwiftData.swiftcrossimport/CoreData.swiftoverlay -swift-module-cross-import SwiftData /Applications/_Development/Xcode.app/Contents/Developer/Platforms/iPhoneSimulator.platform/Developer/SDKs/iPhoneSimulator26.0.sdk/System/Library/Frameworks/SwiftData.framework/Modules/SwiftData.swiftcrossimport/SwiftUI.swiftoverlay -load-resolved-plugin /Applications/_Development/Xcode.app/Contents/Developer/Platforms/iPhoneOS.platform/Developer/usr/lib/swift/host/plugins/libAppIntentsMacros.dylib\#/Applications/_Development/Xcode.app/Contents/Developer/Platforms/iPhoneOS.platform/Developer/usr/bin/swift-plugin-server\#AppIntentsMacros -load-resolved-plugin /Applications/_Development/Xcode.app/Contents/Developer/Platforms/iPhoneOS.platform/Developer/usr/lib/swift/host/plugins/libFoundationMacros.dylib\#/Applications/_Development/Xcode.app/Contents/Developer/Platforms/iPhoneOS.platform/Developer/usr/bin/swift-plugin-server\#FoundationMacros -load-resolved-plugin /Applications/_Development/Xcode.app/Contents/Developer/Platforms/iPhoneOS.platform/Developer/usr/lib/swift/host/plugins/libObservationMacros.dylib\#/Applications/_Development/Xcode.app/Contents/Developer/Platforms/iPhoneOS.platform/Developer/usr/bin/swift-plugin-server\#ObservationMacros -load-resolved-plugin /Applications/_Development/Xcode.app/Contents/Developer/Platforms/iPhoneOS.platform/Developer/usr/lib/swift/host/plugins/libPreviewsMacros.dylib\#/Applications/_Development/Xcode.app/Contents/Developer/Platforms/iPhoneOS.platform/Developer/usr/bin/swift-plugin-server\#PreviewsMacros -load-resolved-plugin /Applications/_Development/Xcode.app/Contents/Developer/Platforms/iPhoneOS.platform/Developer/usr/lib/swift/host/plugins/libSwiftDataMacros.dylib\#/Applications/_Development/Xcode.app/Contents/Developer/Platforms/iPhoneOS.platform/Developer/usr/bin/swift-plugin-server\#SwiftDataMacros -load-resolved-plugin /Applications/_Development/Xcode.app/Contents/Developer/Platforms/iPhoneOS.platform/Developer/usr/lib/swift/host/plugins/libSwiftMacros.dylib\#/Applications/_Development/Xcode.app/Contents/Developer/Platforms/iPhoneOS.platform/Developer/usr/bin/swift-plugin-server\#SwiftMacros -load-resolved-plugin /Applications/_Development/Xcode.app/Contents/Developer/Platforms/iPhoneOS.platform/Developer/usr/lib/swift/host/plugins/libSwiftUIMacros.dylib\#/Applications/_Development/Xcode.app/Contents/Developer/Platforms/iPhoneOS.platform/Developer/usr/bin/swift-plugin-server\#SwiftUIMacros -disable-implicit-swift-modules -Xcc -fno-implicit-modules -Xcc -fno-implicit-module-maps -explicit-swift-module-map-file /Users/kevindialmb/Library/Developer/Xcode/DerivedData/DoseTrack_v1.1-daapowanhyjajcckamlreoxtljbp/Build/Intermediates.noindex/DoseTrack.build/Debug-iphonesimulator/DoseTrack.build/Objects-normal/arm64/DoseTrack-dependencies-1.json -Xllvm -aarch64-use-tbi -enable-objc-interop -sdk /Applications/_Development/Xcode.app/Contents/Developer/Platforms/iPhoneSimulator.platform/Developer/SDKs/iPhoneSimulator26.0.sdk -I /Users/kevindialmb/Library/Developer/Xcode/DerivedData/DoseTrack_v1.1-daapowanhyjajcckamlreoxtljbp/Build/Products/Debug-iphonesimulator -Isystem /Applications/_Development/Xcode.app/Contents/Developer/Platforms/iPhoneSimulator.platform/Developer/usr/lib -F /Users/kevindialmb/Library/Developer/Xcode/DerivedData/DoseTrack_v1.1-daapowanhyjajcckamlreoxtljbp/Build/Products/Debug-iphonesimulator -F /Applications/_Development/Xcode.app/Contents/Developer/Platforms/iPhoneSimulator.platform/Developer/Library/Frameworks -F /Applications/_Development/Xcode.app/Contents/Developer/Platforms/iPhoneSimulator.platform/Developer/SDKs/iPhoneSimulator26.0.sdk/Developer/Library/Frameworks -no-color-diagnostics -Xcc -fno-color-diagnostics -enable-testing -g -debug-info-format\=dwarf -dwarf-version\=4 -module-cache-path /Users/kevindialmb/Library/Developer/Xcode/DerivedData/DoseTrack_v1.1-daapowanhyjajcckamlreoxtljbp/Build/Intermediates.noindex/SwiftExplicitPrecompiledModules -profile-generate -profile-coverage-mapping -swift-version 5 -enforce-exclusivity\=checked -Onone -D SWIFT_PACKAGE -D DEBUG -D SWIFT_MODULE_RESOURCE_BUNDLE_UNAVAILABLE -D Xcode -serialize-debugging-options -const-gather-protocols-file /Users/kevindialmb/Library/Developer/Xcode/DerivedData/DoseTrack_v1.1-daapowanhyjajcckamlreoxtljbp/Build/Intermediates.noindex/DoseTrack.build/Debug-iphonesimulator/DoseTrack.build/Objects-normal/arm64/DoseTrack_const_extract_protocols.json -enable-experimental-feature DebugDescriptionMacro -empty-abi-descriptor -validate-clang-modules-once -clang-build-session-file /Users/kevindialmb/Library/Developer/Xcode/DerivedData/ModuleCache.noindex/Session.modulevalidation -Xcc -working-directory -Xcc /Users/kevindialmb/Downloads/DoseTrack_v1.1.1c/.swiftpm/xcode -enable-anonymous-context-mangled-names -file-compilation-dir /Users/kevindialmb/Downloads/DoseTrack_v1.1.1c/.swiftpm/xcode -Xcc -D_LIBCPP_HARDENING_MODE\=_LIBCPP_HARDENING_MODE_DEBUG -Xcc -ivfsstatcache -Xcc /Users/kevindialmb/Library/Developer/Xcode/DerivedData/SDKStatCaches.noindex/iphonesimulator26.0-23A339-52bbade31dfd1f3e760fc2f57ab025c3.sdkstatcache -Xcc -I/Users/kevindialmb/Library/Developer/Xcode/DerivedData/DoseTrack_v1.1-daapowanhyjajcckamlreoxtljbp/Build/Intermediates.noindex/DoseTrack.build/Debug-iphonesimulator/DoseTrack.build/swift-overrides.hmap -Xcc -I/Users/kevindialmb/Library/Developer/Xcode/DerivedData/DoseTrack_v1.1-daapowanhyjajcckamlreoxtljbp/Build/Products/Debug-iphonesimulator/include -Xcc -I/Users/kevindialmb/Library/Developer/Xcode/DerivedData/DoseTrack_v1.1-daapowanhyjajcckamlreoxtljbp/Build/Intermediates.noindex/DoseTrack.build/Debug-iphonesimulator/DoseTrack.build/DerivedSources-normal/arm64 -Xcc -I/Users/kevindialmb/Library/Developer/Xcode/DerivedData/DoseTrack_v1.1-daapowanhyjajcckamlreoxtljbp/Build/Intermediates.noindex/DoseTrack.build/Debug-iphonesimulator/DoseTrack.build/DerivedSources/arm64 -Xcc -I/Users/kevindialmb/Library/Developer/Xcode/DerivedData/DoseTrack_v1.1-daapowanhyjajcckamlreoxtljbp/Build/Intermediates.noindex/DoseTrack.build/Debug-iphonesimulator/DoseTrack.build/DerivedSources -Xcc -DSWIFT_PACKAGE -Xcc -DDEBUG\=1 -no-auto-bridging-header-chaining -module-name DoseTrack -package-name dosetrack_v1_1_1c -frontend-parseable-output -disable-clang-spi -target-sdk-version 26.0 -target-sdk-name iphonesimulator26.0 -clang-target arm64-apple-ios26.0-simulator -in-process-plugin-server-path /Applications/_Development/Xcode.app/Contents/Developer/Toolchains/XcodeDefault.xctoolchain/usr/lib/swift/host/libSwiftInProcPluginServer.dylib -emit-module-doc-path /Users/kevindialmb/Library/Developer/Xcode/DerivedData/DoseTrack_v1.1-daapowanhyjajcckamlreoxtljbp/Build/Intermediates.noindex/DoseTrack.build/Debug-iphonesimulator/DoseTrack.build/Objects-normal/arm64/DoseTrack.swiftdoc -emit-module-source-info-path /Users/kevindialmb/Library/Developer/Xcode/DerivedData/DoseTrack_v1.1-daapowanhyjajcckamlreoxtljbp/Build/Intermediates.noindex/DoseTrack.build/Debug-iphonesimulator/DoseTrack.build/Objects-normal/arm64/DoseTrack.swiftsourceinfo -emit-objc-header-path /Users/kevindialmb/Library/Developer/Xcode/DerivedData/DoseTrack_v1.1-daapowanhyjajcckamlreoxtljbp/Build/Intermediates.noindex/DoseTrack.build/Debug-iphonesimulator/DoseTrack.build/Objects-normal/arm64/DoseTrack-Swift.h -serialize-diagnostics-path /Users/kevindialmb/Library/Developer/Xcode/DerivedData/DoseTrack_v1.1-daapowanhyjajcckamlreoxtljbp/Build/Intermediates.noindex/DoseTrack.build/Debug-iphonesimulator/DoseTrack.build/Objects-normal/arm64/DoseTrack-primary-emit-module.dia -emit-dependencies-path /Users/kevindialmb/Library/Developer/Xcode/DerivedData/DoseTrack_v1.1-daapowanhyjajcckamlreoxtljbp/Build/Intermediates.noindex/DoseTrack.build/Debug-iphonesimulator/DoseTrack.build/Objects-normal/arm64/DoseTrack-primary-emit-module.d -o /Users/kevindialmb/Library/Developer/Xcode/DerivedData/DoseTrack_v1.1-daapowanhyjajcckamlreoxtljbp/Build/Intermediates.noindex/DoseTrack.build/Debug-iphonesimulator/DoseTrack.build/Objects-normal/arm64/DoseTrack.swiftmodule -emit-abi-descriptor-path /Users/kevindialmb/Library/Developer/Xcode/DerivedData/DoseTrack_v1.1-daapowanhyjajcckamlreoxtljbp/Build/Intermediates.noindex/DoseTrack.build/Debug-iphonesimulator/DoseTrack.build/Objects-normal/arm64/DoseTrack.abi.json

EmitSwiftModule normal arm64 (in target 'DoseTrack' from project 'DoseTrack')
    cd /Users/kevindialmb/Downloads/DoseTrack_v1.1.1c/.swiftpm/xcode
    
/Users/kevindialmb/Downloads/DoseTrack_v1.1.1c/ios/AlarmOrchestrator.swift:39:26: error: conformance of 'AlarmOrchestrator' to protocol 'AlarmOrchestrating' crosses into actor-isolated code and can cause data races
actor AlarmOrchestrator: AlarmOrchestrating {
                         ^
/Users/kevindialmb/Downloads/DoseTrack_v1.1.1c/ios/AlarmOrchestrator.swift:39:7: note: mark all declarations used in the conformance 'nonisolated'
actor AlarmOrchestrator: AlarmOrchestrating {
      ^
/Users/kevindialmb/Downloads/DoseTrack_v1.1.1c/ios/AlarmOrchestrator.swift:39:26: note: turn data races into runtime errors with '@preconcurrency'
actor AlarmOrchestrator: AlarmOrchestrating {
                         ^
                         @preconcurrency 
/Users/kevindialmb/Downloads/DoseTrack_v1.1.1c/ios/AlarmOrchestrator.swift:218:10: note: actor-isolated instance method 'recordInteraction(nightKey:)' cannot satisfy nonisolated requirement
    func recordInteraction(nightKey: String) {
         ^
/Users/kevindialmb/Downloads/DoseTrack_v1.1.1c/ios/AppPreferences.swift:36:9: warning: stored property '_totalNightGrams' of 'Sendable'-conforming class 'AppPreferences' is mutable; this is an error in the Swift 6 language mode
    var totalNightGrams: Double = 6.5
        ^

SwiftCompile normal arm64 Compiling\ TodayLogView_CardStack.swift,\ TodayLogView_Checklist.swift,\ TodayViewModel+Dose2Override.swift /Users/kevindialmb/Downloads/DoseTrack_v1.1.1c/ios/TodayLogView_CardStack.swift /Users/kevindialmb/Downloads/DoseTrack_v1.1.1c/ios/TodayLogView_Checklist.swift /Users/kevindialmb/Downloads/DoseTrack_v1.1.1c/ios/TodayViewModel+Dose2Override.swift (in target 'DoseTrack' from project 'DoseTrack')

SwiftCompile normal arm64 /Users/kevindialmb/Downloads/DoseTrack_v1.1.1c/ios/TodayLogView_CardStack.swift (in target 'DoseTrack' from project 'DoseTrack')
    cd /Users/kevindialmb/Downloads/DoseTrack_v1.1.1c/.swiftpm/xcode
    

SwiftCompile normal arm64 /Users/kevindialmb/Downloads/DoseTrack_v1.1.1c/ios/TodayLogView_Checklist.swift (in target 'DoseTrack' from project 'DoseTrack')
    cd /Users/kevindialmb/Downloads/DoseTrack_v1.1.1c/.swiftpm/xcode
    

SwiftCompile normal arm64 /Users/kevindialmb/Downloads/DoseTrack_v1.1.1c/ios/TodayViewModel+Dose2Override.swift (in target 'DoseTrack' from project 'DoseTrack')
    cd /Users/kevindialmb/Downloads/DoseTrack_v1.1.1c/.swiftpm/xcode
    

SwiftCompile normal arm64 Compiling\ LateDoseSheetView.swift,\ Models.swift,\ NightAlarmPlan.swift,\ NightPlanRecommender.swift /Users/kevindialmb/Downloads/DoseTrack_v1.1.1c/ios/LateDoseSheetView.swift /Users/kevindialmb/Downloads/DoseTrack_v1.1.1c/ios/Models.swift /Users/kevindialmb/Downloads/DoseTrack_v1.1.1c/ios/NightAlarmPlan.swift /Users/kevindialmb/Downloads/DoseTrack_v1.1.1c/ios/NightPlanRecommender.swift (in target 'DoseTrack' from project 'DoseTrack')

SwiftCompile normal arm64 /Users/kevindialmb/Downloads/DoseTrack_v1.1.1c/ios/LateDoseSheetView.swift (in target 'DoseTrack' from project 'DoseTrack')
    cd /Users/kevindialmb/Downloads/DoseTrack_v1.1.1c/.swiftpm/xcode
    

SwiftCompile normal arm64 /Users/kevindialmb/Downloads/DoseTrack_v1.1.1c/ios/Models.swift (in target 'DoseTrack' from project 'DoseTrack')
    cd /Users/kevindialmb/Downloads/DoseTrack_v1.1.1c/.swiftpm/xcode
    

SwiftCompile normal arm64 /Users/kevindialmb/Downloads/DoseTrack_v1.1.1c/ios/NightAlarmPlan.swift (in target 'DoseTrack' from project 'DoseTrack')
    cd /Users/kevindialmb/Downloads/DoseTrack_v1.1.1c/.swiftpm/xcode
    

SwiftCompile normal arm64 /Users/kevindialmb/Downloads/DoseTrack_v1.1.1c/ios/NightPlanRecommender.swift (in target 'DoseTrack' from project 'DoseTrack')
    cd /Users/kevindialmb/Downloads/DoseTrack_v1.1.1c/.swiftpm/xcode
    

SwiftCompile normal arm64 Compiling\ SafetyBannerView.swift,\ SettingsViewEnhanced.swift,\ TodayLogView.swift /Users/kevindialmb/Downloads/DoseTrack_v1.1.1c/ios/SafetyBannerView.swift /Users/kevindialmb/Downloads/DoseTrack_v1.1.1c/ios/SettingsViewEnhanced.swift /Users/kevindialmb/Downloads/DoseTrack_v1.1.1c/ios/TodayLogView.swift (in target 'DoseTrack' from project 'DoseTrack')

SwiftCompile normal arm64 /Users/kevindialmb/Downloads/DoseTrack_v1.1.1c/ios/SafetyBannerView.swift (in target 'DoseTrack' from project 'DoseTrack')
    cd /Users/kevindialmb/Downloads/DoseTrack_v1.1.1c/.swiftpm/xcode
    

SwiftCompile normal arm64 /Users/kevindialmb/Downloads/DoseTrack_v1.1.1c/ios/SettingsViewEnhanced.swift (in target 'DoseTrack' from project 'DoseTrack')
    cd /Users/kevindialmb/Downloads/DoseTrack_v1.1.1c/.swiftpm/xcode
    

SwiftCompile normal arm64 /Users/kevindialmb/Downloads/DoseTrack_v1.1.1c/ios/TodayLogView.swift (in target 'DoseTrack' from project 'DoseTrack')
    cd /Users/kevindialmb/Downloads/DoseTrack_v1.1.1c/.swiftpm/xcode
    

SwiftCompile normal arm64 Compiling\ WakeReason.swift,\ WakeSheetView.swift,\ WindowState.swift /Users/kevindialmb/Downloads/DoseTrack_v1.1.1c/ios/WakeReason.swift /Users/kevindialmb/Downloads/DoseTrack_v1.1.1c/ios/WakeSheetView.swift /Users/kevindialmb/Downloads/DoseTrack_v1.1.1c/ios/WindowState.swift (in target 'DoseTrack' from project 'DoseTrack')

SwiftCompile normal arm64 /Users/kevindialmb/Downloads/DoseTrack_v1.1.1c/ios/WakeReason.swift (in target 'DoseTrack' from project 'DoseTrack')
    cd /Users/kevindialmb/Downloads/DoseTrack_v1.1.1c/.swiftpm/xcode
    

SwiftCompile normal arm64 /Users/kevindialmb/Downloads/DoseTrack_v1.1.1c/ios/WakeSheetView.swift (in target 'DoseTrack' from project 'DoseTrack')
    cd /Users/kevindialmb/Downloads/DoseTrack_v1.1.1c/.swiftpm/xcode
    

SwiftCompile normal arm64 /Users/kevindialmb/Downloads/DoseTrack_v1.1.1c/ios/WindowState.swift (in target 'DoseTrack' from project 'DoseTrack')
    cd /Users/kevindialmb/Downloads/DoseTrack_v1.1.1c/.swiftpm/xcode
    

SwiftCompile normal arm64 Compiling\ ResetNightSheet.swift,\ Rounding+Display.swift,\ SafetyBanner.swift /Users/kevindialmb/Downloads/DoseTrack_v1.1.1c/ios/ResetNightSheet.swift /Users/kevindialmb/Downloads/DoseTrack_v1.1.1c/ios/Rounding+Display.swift /Users/kevindialmb/Downloads/DoseTrack_v1.1.1c/ios/SafetyBanner.swift (in target 'DoseTrack' from project 'DoseTrack')

SwiftCompile normal arm64 /Users/kevindialmb/Downloads/DoseTrack_v1.1.1c/ios/ResetNightSheet.swift (in target 'DoseTrack' from project 'DoseTrack')
    cd /Users/kevindialmb/Downloads/DoseTrack_v1.1.1c/.swiftpm/xcode
    

SwiftCompile normal arm64 /Users/kevindialmb/Downloads/DoseTrack_v1.1.1c/ios/Rounding+Display.swift (in target 'DoseTrack' from project 'DoseTrack')
    cd /Users/kevindialmb/Downloads/DoseTrack_v1.1.1c/.swiftpm/xcode
    

SwiftCompile normal arm64 /Users/kevindialmb/Downloads/DoseTrack_v1.1.1c/ios/SafetyBanner.swift (in target 'DoseTrack' from project 'DoseTrack')
    cd /Users/kevindialmb/Downloads/DoseTrack_v1.1.1c/.swiftpm/xcode
    

SwiftCompile normal arm64 Compiling\ TodayViewModel+LateDose.swift,\ TodayViewModel+WakeEvents.swift,\ TodayViewModel.swift /Users/kevindialmb/Downloads/DoseTrack_v1.1.1c/ios/TodayViewModel+LateDose.swift /Users/kevindialmb/Downloads/DoseTrack_v1.1.1c/ios/TodayViewModel+WakeEvents.swift /Users/kevindialmb/Downloads/DoseTrack_v1.1.1c/ios/TodayViewModel.swift (in target 'DoseTrack' from project 'DoseTrack')

** BUILD FAILED **


The following build commands failed:
	SwiftEmitModule normal arm64 Emitting\ module\ for\ DoseTrack (in target 'DoseTrack' from project 'DoseTrack')
	EmitSwiftModule normal arm64 (in target 'DoseTrack' from project 'DoseTrack')
	Building workspace DoseTrack_v1.1 with scheme DoseTrack
(3 failures)
